 addon

 Timestamp is 5ce72ebd (Thu May 23 19:37:33 2019)

 Preferred load address is 0000000180000000

 Start         Length     Name                   Class
 0001:00000000 00000020H .text$di                CODE
 0001:00000020 00013b10H .text$mn                CODE
 0001:00013b30 00000020H .text$mn$00             CODE
 0001:00013b50 00000250H .text$x                 CODE
 0001:00013da0 00000003H .text$yd                CODE
 0002:00000000 00000258H .idata$5                DATA
 0002:00000258 00000010H .00cfg                  DATA
 0002:00000268 00000008H .CRT$XCA                DATA
 0002:00000270 00000010H .CRT$XCU                DATA
 0002:00000280 00000008H .CRT$XCZ                DATA
 0002:00000288 00000008H .CRT$XIA                DATA
 0002:00000290 00000018H .CRT$XIC                DATA
 0002:000002a8 00000008H .CRT$XIZ                DATA
 0002:000002b0 00000008H .CRT$XPA                DATA
 0002:000002b8 00000010H .CRT$XPX                DATA
 0002:000002c8 00000008H .CRT$XPXA               DATA
 0002:000002d0 00000008H .CRT$XPZ                DATA
 0002:000002d8 00000008H .CRT$XTA                DATA
 0002:000002e0 00000010H .CRT$XTZ                DATA
 0002:000002e8 00000000H .gfids$y                DATA
 0002:000002f0 00008620H .rdata                  DATA
 0002:00008910 000001f4H .rdata$r                DATA
 0002:00008b04 000003d4H .rdata$zzzdbg           DATA
 0002:00008ed8 00000008H .rtc$IAA                DATA
 0002:00008ee0 00000008H .rtc$IZZ                DATA
 0002:00008ee8 00000008H .rtc$TAA                DATA
 0002:00008ef0 00000008H .rtc$TZZ                DATA
 0002:00008ef8 00000ff8H .xdata                  DATA
 0002:00009ef0 000000ecH .xdata$x                DATA
 0002:00009fdc 00000020H .didat$2                DATA
 0002:00009ffc 00000024H .didat$3                DATA
 0002:0000a020 000000e8H .didat$4                DATA
 0002:0000a108 000007c8H .didat$6                DATA
 0002:0000a8d0 000000f0H .didat$7                DATA
 0002:0000a9c0 00000050H .edata                  DATA
 0002:0000aa10 00000014H .idata$2                DATA
 0002:0000aa24 00000014H .idata$3                DATA
 0002:0000aa38 00000258H .idata$4                DATA
 0002:0000ac90 00000574H .idata$6                DATA
 0003:00000000 00000a90H .data                   DATA
 0003:00000a90 000000a0H .data$r                 DATA
 0003:00000b30 000000f0H .didat$5                DATA
 0003:00000c20 00001234H .bss                    DATA
 0004:00000000 00001380H .pdata                  DATA
 0005:00000000 00000060H .rsrc$01                DATA
 0005:00000060 00000180H .rsrc$02                DATA

  Address         Publics by Value              Rva+Base               Lib:Object

 0000:00000000       __hybrid_code_map_count    0000000000000000     <absolute>
 0000:00000000       __hybrid_code_map          0000000000000000     <absolute>
 0000:00000000       __guard_iat_count          0000000000000000     <absolute>
 0000:00000000       __guard_longjmp_count      0000000000000000     <absolute>
 0000:00000000       __guard_longjmp_table      0000000000000000     <absolute>
 0000:00000000       __volatile_metadata        0000000000000000     <absolute>
 0000:00000000       __guard_iat_table          0000000000000000     <absolute>
 0000:00000000       __guard_fids_count         0000000000000000     <absolute>
 0000:00000000       ___safe_se_handler_count   0000000000000000     <absolute>
 0000:00000000       __enclave_config           0000000000000000     <absolute>
 0000:00000000       ___safe_se_handler_table   0000000000000000     <absolute>
 0000:00000000       __guard_fids_table         0000000000000000     <absolute>
 0000:00000000       __hybrid_auxiliary_iat     0000000000000000     <absolute>
 0000:00000000       __dynamic_value_reloc_table 0000000000000000     <absolute>
 0000:00000100       __guard_flags              0000000000000100     <absolute>
 0000:00000000       __ImageBase                0000000180000000     <linker-defined>
 0001:00000020       ?NODE_SET_METHOD@node@@YAXV?$Local@VObject@v8@@@v8@@PEBDP6AXAEBV?$FunctionCallbackInfo@VValue@v8@@@3@@Z@Z 0000000180001020 f i addon.obj
 0001:00000150       ?CreateObject@demo@@YAXAEBV?$FunctionCallbackInfo@VValue@v8@@@v8@@@Z 0000000180001150 f   addon.obj
 0001:00000200       ?Add@demo@@YAXAEBV?$FunctionCallbackInfo@VValue@v8@@@v8@@@Z 0000000180001200 f   addon.obj
 0001:000002f0       ?InitAll@demo@@YAXV?$Local@VObject@v8@@@v8@@@Z 00000001800012f0 f   addon.obj
 0001:00000450       ??$Unwrap@VMyObject@demo@@@ObjectWrap@node@@SAPEAVMyObject@demo@@V?$Local@VObject@v8@@@v8@@@Z 0000000180001450 f i addon.obj
 0001:000004e0       ?Ref@ObjectWrap@node@@MEAAXXZ 00000001800014e0 f i myobject.obj
 0001:00000520       ?Unref@ObjectWrap@node@@MEAAXXZ 0000000180001520 f i myobject.obj
 0001:000005d0       ?WeakCallback@ObjectWrap@node@@CAXAEBV?$WeakCallbackInfo@VObjectWrap@node@@@v8@@@Z 00000001800015d0 f i myobject.obj
 0001:00000630       ??_GObjectWrap@node@@UEAAPEAXI@Z 0000000180001630 f i myobject.obj
 0001:00000630       ??_EObjectWrap@node@@UEAAPEAXI@Z 0000000180001630 f i * CIL library *:* CIL module *
 0001:000006c0       ??_EMyObject@demo@@EEAAPEAXI@Z 00000001800016c0 f i * CIL library *:* CIL module *
 0001:000006c0       ??_GMyObject@demo@@EEAAPEAXI@Z 00000001800016c0 f i myobject.obj
 0001:00000750       ?New@MyObject@demo@@CAXAEBV?$FunctionCallbackInfo@VValue@v8@@@v8@@@Z 0000000180001750 f   myobject.obj
 0001:00000a2c       __imp_load_?GetCurrentContext@Isolate@v8@@QEAA?AV?$Local@VContext@v8@@@2@XZ 0000000180001a2c f   node:node.exe
 0001:00000a38       __tailMerge_node_exe       0000000180001a38     node:node.exe
 0001:00000ab1       __imp_load_?GetCurrent@Isolate@v8@@SAPEAV12@XZ 0000000180001ab1 f   node:node.exe
 0001:00000abd       __imp_load_??1HandleScope@v8@@QEAA@XZ 0000000180001abd f   node:node.exe
 0001:00000ac9       __imp_load_??0HandleScope@v8@@QEAA@PEAVIsolate@1@@Z 0000000180001ac9 f   node:node.exe
 0001:00000ad5       __imp_load_?GetFunction@FunctionTemplate@v8@@QEAA?AV?$MaybeLocal@VFunction@v8@@@2@V?$Local@VContext@v8@@@2@@Z 0000000180001ad5 f   node:node.exe
 0001:00000ae1       __imp_load_?New@FunctionTemplate@v8@@SA?AV?$Local@VFunctionTemplate@v8@@@2@PEAVIsolate@2@P6AXAEBV?$FunctionCallbackInfo@VValue@v8@@@2@@ZV?$Local@VValue@v8@@@2@V?$Local@VSignature@v8@@@2@HW4ConstructorBehavior@2@W4SideEffectType@2@@Z 0000000180001ae1 f   node:node.exe
 0001:00000aed       __imp_load_?ToLocalEmpty@V8@v8@@CAXXZ 0000000180001aed f   node:node.exe
 0001:00000af9       __imp_load_?FromJustIsNothing@V8@v8@@CAXXZ 0000000180001af9 f   node:node.exe
 0001:00000b05       __imp_load_?ToObject@Value@v8@@QEBA?AV?$MaybeLocal@VObject@v8@@@2@V?$Local@VContext@v8@@@2@@Z 0000000180001b05 f   node:node.exe
 0001:00000b11       __imp_load_?NewFromUtf8@String@v8@@SA?AV?$MaybeLocal@VString@v8@@@2@PEAVIsolate@2@PEBDW4NewStringType@2@H@Z 0000000180001b11 f   node:node.exe
 0001:00000b1d       __imp_load_?New@Number@v8@@SA?AV?$Local@VNumber@v8@@@2@PEAVIsolate@2@N@Z 0000000180001b1d f   node:node.exe
 0001:00000b29       __imp_load_?SlowGetAlignedPointerFromInternalField@Object@v8@@AEAAPEAXH@Z 0000000180001b29 f   node:node.exe
 0001:00000b35       __imp_load_?GetIsolate@Object@v8@@QEAAPEAVIsolate@2@XZ 0000000180001b35 f   node:node.exe
 0001:00000b41       __imp_load_?InternalFieldCount@Object@v8@@QEAAHXZ 0000000180001b41 f   node:node.exe
 0001:00000b4d       __imp_load_?Set@Object@v8@@QEAA?AV?$Maybe@_N@2@V?$Local@VContext@v8@@@2@V?$Local@VValue@v8@@@2@1@Z 0000000180001b4d f   node:node.exe
 0001:00000b59       __imp_load_?SetName@Function@v8@@QEAAXV?$Local@VString@v8@@@2@@Z 0000000180001b59 f   node:node.exe
 0001:00000b65       __imp_load_node_module_register 0000000180001b65 f   node:node.exe
 0001:00000b71       __imp_load_?CreateHandle@HandleScope@v8@@KAPEAPEAVObject@internal@2@PEAVIsolate@42@PEAV342@@Z 0000000180001b71 f   node:node.exe
 0001:00000b7d       __imp_load_?SetClassName@FunctionTemplate@v8@@QEAAXV?$Local@VString@v8@@@2@@Z 0000000180001b7d f   node:node.exe
 0001:00000b89       __imp_load_?InstanceTemplate@FunctionTemplate@v8@@QEAA?AV?$Local@VObjectTemplate@v8@@@2@XZ 0000000180001b89 f   node:node.exe
 0001:00000b95       __imp_load_?ClearWeak@V8@v8@@CAPEAXPEAPEAVObject@internal@2@@Z 0000000180001b95 f   node:node.exe
 0001:00000ba1       __imp_load_?MakeWeak@V8@v8@@CAXPEAPEAVObject@internal@2@PEAXP6AXAEBV?$WeakCallbackInfo@X@2@@ZW4WeakCallbackType@2@@Z 0000000180001ba1 f   node:node.exe
 0001:00000bad       __imp_load_?DisposeGlobal@V8@v8@@CAXPEAPEAVObject@internal@2@@Z 0000000180001bad f   node:node.exe
 0001:00000bb9       __imp_load_?GlobalizeReference@V8@v8@@CAPEAPEAVObject@internal@2@PEAVIsolate@42@PEAPEAV342@@Z 0000000180001bb9 f   node:node.exe
 0001:00000bc5       __imp_load_?NumberValue@Value@v8@@QEBA?AV?$Maybe@N@2@V?$Local@VContext@v8@@@2@@Z 0000000180001bc5 f   node:node.exe
 0001:00000bd1       __imp_load_?SetAlignedPointerInInternalField@Object@v8@@QEAAXHPEAX@Z 0000000180001bd1 f   node:node.exe
 0001:00000bdd       __imp_load_?NewInstance@Function@v8@@QEBA?AV?$MaybeLocal@VObject@v8@@@2@V?$Local@VContext@v8@@@2@HQEAV?$Local@VValue@v8@@@2@@Z 0000000180001bdd f   node:node.exe
 0001:00000be9       __imp_load_?SetInternalFieldCount@ObjectTemplate@v8@@QEAAXH@Z 0000000180001be9 f   node:node.exe
 0001:00000c10       __security_check_cookie    0000000180001c10 f   LIBCMT:amdsecgs.obj
 0001:00000c34       ??2@YAPEAX_K@Z             0000000180001c34 f   LIBCMT:new_scalar.obj
 0001:00000c70       __scrt_acquire_startup_lock 0000000180001c70 f   LIBCMT:utility.obj
 0001:00000cac       __scrt_dllmain_after_initialize_c 0000000180001cac f   LIBCMT:utility.obj
 0001:00000ce0       __scrt_dllmain_before_initialize_c 0000000180001ce0 f   LIBCMT:utility.obj
 0001:00000cf8       __scrt_dllmain_crt_thread_attach 0000000180001cf8 f   LIBCMT:utility.obj
 0001:00000d20       __scrt_dllmain_crt_thread_detach 0000000180001d20 f   LIBCMT:utility.obj
 0001:00000d38       __scrt_dllmain_exception_filter 0000000180001d38 f   LIBCMT:utility.obj
 0001:00000d98       __scrt_dllmain_uninitialize_c 0000000180001d98 f   LIBCMT:utility.obj
 0001:00000dc8       __scrt_dllmain_uninitialize_critical 0000000180001dc8 f   LIBCMT:utility.obj
 0001:00000ddc       __scrt_initialize_crt      0000000180001ddc f   LIBCMT:utility.obj
 0001:00000e28       __scrt_initialize_onexit_tables 0000000180001e28 f   LIBCMT:utility.obj
 0001:00000f00       __scrt_is_nonwritable_in_current_image 0000000180001f00 f   LIBCMT:utility.obj
 0001:00000f9c       __scrt_release_startup_lock 0000000180001f9c f   LIBCMT:utility.obj
 0001:00000fc0       __scrt_uninitialize_crt    0000000180001fc0 f   LIBCMT:utility.obj
 0001:00000fec       _onexit                    0000000180001fec f   LIBCMT:utility.obj
 0001:0000103c       atexit                     000000018000203c f   LIBCMT:utility.obj
 0001:00001054       ??3@YAXPEAX_K@Z            0000000180002054 f   LIBCMT:delete_scalar_size.obj
 0001:0000138c       _DllMainCRTStartup         000000018000238c f   LIBCMT:dll_dllmain.obj
 0001:000013cc       __raise_securityfailure    00000001800023cc f   LIBCMT:gs_report.obj
 0001:00001400       __report_gsfailure         0000000180002400 f   LIBCMT:gs_report.obj
 0001:000014d4       __report_rangecheckfailure 00000001800024d4 f   LIBCMT:gs_report.obj
 0001:000014e8       __report_securityfailure   00000001800024e8 f   LIBCMT:gs_report.obj
 0001:00001668       ??0bad_alloc@std@@QEAA@AEBV01@@Z 0000000180002668 f i LIBCMT:throw_bad_alloc.obj
 0001:000016a8       ??0bad_alloc@std@@QEAA@XZ  00000001800026a8 f i LIBCMT:throw_bad_alloc.obj
 0001:000016c8       ??0bad_array_new_length@std@@QEAA@AEBV01@@Z 00000001800026c8 f i LIBCMT:throw_bad_alloc.obj
 0001:00001708       ??0bad_array_new_length@std@@QEAA@XZ 0000000180002708 f i LIBCMT:throw_bad_alloc.obj
 0001:00001728       ??0exception@std@@QEAA@AEBV01@@Z 0000000180002728 f i LIBCMT:throw_bad_alloc.obj
 0001:00001760       ??1bad_alloc@std@@UEAA@XZ  0000000180002760 f i LIBCMT:throw_bad_alloc.obj
 0001:00001760       ??1bad_array_new_length@std@@UEAA@XZ 0000000180002760 f i LIBCMT:throw_bad_alloc.obj
 0001:00001774       ??_Ebad_array_new_length@std@@UEAAPEAXI@Z 0000000180002774 f i LIBCMT:throw_bad_alloc.obj
 0001:00001774       ??_Gexception@std@@UEAAPEAXI@Z 0000000180002774 f i LIBCMT:throw_bad_alloc.obj
 0001:00001774       ??_Eexception@std@@UEAAPEAXI@Z 0000000180002774 f i LIBCMT:throw_bad_alloc.obj
 0001:00001774       ??_Gbad_array_new_length@std@@UEAAPEAXI@Z 0000000180002774 f i LIBCMT:throw_bad_alloc.obj
 0001:00001774       ??_Gbad_alloc@std@@UEAAPEAXI@Z 0000000180002774 f i LIBCMT:throw_bad_alloc.obj
 0001:00001774       ??_Ebad_alloc@std@@UEAAPEAXI@Z 0000000180002774 f i LIBCMT:throw_bad_alloc.obj
 0001:000017b8       ?__scrt_throw_std_bad_alloc@@YAXXZ 00000001800027b8 f   LIBCMT:throw_bad_alloc.obj
 0001:000017d8       ?__scrt_throw_std_bad_array_new_length@@YAXXZ 00000001800027d8 f   LIBCMT:throw_bad_alloc.obj
 0001:000017f8       ?what@exception@std@@UEBAPEBDXZ 00000001800027f8 f i LIBCMT:throw_bad_alloc.obj
 0001:0000180c       __isa_available_init       000000018000280c f   LIBCMT:cpu_disp.obj
 0001:000019c8       _get_startup_argv_mode     00000001800029c8 f   LIBCMT:argv_mode.obj
 0001:000019c8       DllMain                    00000001800029c8 f   LIBCMT:dll_dllmain_stub.obj
 0001:000019d0       __scrt_is_ucrt_dll_in_use  00000001800029d0 f   LIBCMT:ucrt_detection.obj
 0001:000019dc       __crt_debugger_hook        00000001800029dc f   LIBCMT:utility_desktop.obj
 0001:000019e4       __scrt_fastfail            00000001800029e4 f   LIBCMT:utility_desktop.obj
 0001:00001b30       _guard_check_icall_nop     0000000180002b30 f i LIBCMT:guard_support.obj
 0001:00001b34       ??3@YAXPEAX@Z              0000000180002b34 f   LIBCMT:delete_scalar.obj
 0001:00001b3c       __security_init_cookie     0000000180002b3c f   LIBCMT:gs_support.obj
 0001:00001be8       ?__scrt_initialize_type_info@@YAXXZ 0000000180002be8 f   LIBCMT:tncleanup.obj
 0001:00001bf8       ?__scrt_uninitialize_type_info@@YAXXZ 0000000180002bf8 f   LIBCMT:tncleanup.obj
 0001:00001c04       __local_stdio_printf_options 0000000180002c04 f i LIBCMT:default_local_stdio_options.obj
 0001:00001c0c       __local_stdio_scanf_options 0000000180002c0c f i LIBCMT:default_local_stdio_options.obj
 0001:00001c14       __scrt_initialize_default_local_stdio_options 0000000180002c14 f   LIBCMT:default_local_stdio_options.obj
 0001:00001c30       __scrt_get_dyn_tls_init_callback 0000000180002c30 f   LIBCMT:dyn_tls_init.obj
 0001:00001c38       _RTC_Initialize            0000000180002c38 f   LIBCMT:initsect.obj
 0001:00001c74       _RTC_Terminate             0000000180002c74 f   LIBCMT:initsect.obj
 0001:00001cb0       ??_Etype_info@@UEAAPEAXI@Z 0000000180002cb0 f i LIBCMT:std_type_info_static.obj
 0001:00001cb0       ??_Gtype_info@@UEAAPEAXI@Z 0000000180002cb0 f i LIBCMT:std_type_info_static.obj
 0001:00001ce0       __vcrt_initialize          0000000180002ce0 f   libvcruntime:initialization.obj
 0001:00001d14       __vcrt_thread_attach       0000000180002d14 f   libvcruntime:initialization.obj
 0001:00001d28       __vcrt_thread_detach       0000000180002d28 f   libvcruntime:initialization.obj
 0001:00001d3c       __vcrt_uninitialize        0000000180002d3c f   libvcruntime:initialization.obj
 0001:00001d5c       __vcrt_uninitialize_critical 0000000180002d5c f   libvcruntime:initialization.obj
 0001:00001d6c       __C_specific_handler       0000000180002d6c f   libvcruntime:riscchandler.obj
 0001:00001f78       __std_exception_copy       0000000180002f78 f   libvcruntime:std_exception.obj
 0001:00002008       __std_exception_destroy    0000000180003008 f   libvcruntime:std_exception.obj
 0001:00002030       _CxxThrowException         0000000180003030 f   libvcruntime:throw.obj
 0001:00002100       memset_repmovs             0000000180003100 f   libvcruntime:memset.obj
 0001:00002120       memset                     0000000180003120 f   libvcruntime:memset.obj
 0001:000022b0       __std_type_info_destroy_list 00000001800032b0 f   libvcruntime:std_type_info.obj
 0001:000022dc       __vcrt_freefls             00000001800032dc f   libvcruntime:per_thread_data.obj
 0001:000022fc       __vcrt_freeptd             00000001800032fc f   libvcruntime:per_thread_data.obj
 0001:0000234c       __vcrt_getptd_noexit       000000018000334c f   libvcruntime:per_thread_data.obj
 0001:00002418       __vcrt_initialize_ptd      0000000180003418 f   libvcruntime:per_thread_data.obj
 0001:0000246c       __vcrt_uninitialize_ptd    000000018000346c f   libvcruntime:per_thread_data.obj
 0001:00002490       __vcrt_initialize_locks    0000000180003490 f   libvcruntime:locks.obj
 0001:000024d8       __vcrt_uninitialize_locks  00000001800034d8 f   libvcruntime:locks.obj
 0001:000026e8       __vcrt_FlsAlloc            00000001800036e8 f   libvcruntime:winapi_downlevel.obj
 0001:00002730       __vcrt_FlsFree             0000000180003730 f   libvcruntime:winapi_downlevel.obj
 0001:00002778       __vcrt_FlsGetValue         0000000180003778 f   libvcruntime:winapi_downlevel.obj
 0001:000027c0       __vcrt_FlsSetValue         00000001800037c0 f   libvcruntime:winapi_downlevel.obj
 0001:00002814       __vcrt_InitializeCriticalSectionEx 0000000180003814 f   libvcruntime:winapi_downlevel.obj
 0001:00002878       __vcrt_initialize_winapi_thunks 0000000180003878 f   libvcruntime:winapi_downlevel.obj
 0001:000028a8       __vcrt_uninitialize_winapi_thunks 00000001800038a8 f   libvcruntime:winapi_downlevel.obj
 0001:000028e8       __vcrt_initialize_pure_virtual_call_handler 00000001800038e8 f   libvcruntime:purevirt_data.obj
 0001:00002910       _NLG_Notify                0000000180003910 f   libvcruntime:notify.obj
 0001:00002930       __NLG_Dispatch2            0000000180003930 f   libvcruntime:notify.obj
 0001:00002940       __NLG_Return2              0000000180003940 f   libvcruntime:notify.obj
 0001:00002944       __except_validate_context_record 0000000180003944 f   libvcruntime:jbcxrval.obj
 0001:0000297c       __DestructExceptionObject  000000018000397c f   libvcruntime:ehhelpers.obj
 0001:000029f0       ?_CallMemberFunction0@@YAXQEAX0@Z 00000001800039f0 f i libvcruntime:ehhelpers.obj
 0001:00002a10       memcpy_repmovs             0000000180003a10 f   libvcruntime:memcpy.obj
 0001:00002a30       memcpy                     0000000180003a30 f   libvcruntime:memcpy.obj
 0001:00002a30       memmove                    0000000180003a30 f   libvcruntime:memcpy.obj
 0001:00002e80       _CallSettingFrame          0000000180003e80 f   libvcruntime:handlers.obj
 0001:00002ed0       _CallSettingFrameEncoded   0000000180003ed0 f   libvcruntime:handlers.obj
 0001:00003630       ??$ftprintf@PEAU_iobuf@@PEB_WAEBQEB_WAEBQEB_WAEBI@?$__crt_char_traits@_W@@SAH$$QEAPEAU_iobuf@@$$QEAPEB_WAEBQEB_W2AEBI@Z 0000000180004630 f i libucrt:assert.obj
 0001:00003658       _wassert                   0000000180004658 f   libucrt:assert.obj
 0001:000036cc       fwprintf                   00000001800046cc f i libucrt:assert.obj
 0001:00003710       swprintf                   0000000180004710 f i libucrt:assert.obj
 0001:00003764       ??0_LocaleUpdate@@QEAA@QEAU__crt_locale_pointers@@@Z 0000000180004764 f i libucrt:stricmp.obj
 0001:00003800       __ascii_stricmp            0000000180004800 f   libucrt:stricmp.obj
 0001:00003840       _stricmp                   0000000180004840 f   libucrt:stricmp.obj
 0001:00003888       _stricmp_l                 0000000180004888 f   libucrt:stricmp.obj
 0001:0000393c       __acrt_initialize_new_handler 000000018000493c f   libucrt:new_handler.obj
 0001:00003944       _callnewh                  0000000180004944 f   libucrt:new_handler.obj
 0001:00003974       _query_new_handler         0000000180004974 f   libucrt:new_handler.obj
 0001:000039a8       malloc                     00000001800049a8 f   libucrt:malloc.obj
 0001:000039b0       _seh_filter_dll            00000001800049b0 f   libucrt:exception_filter.obj
 0001:000039c4       _seh_filter_exe            00000001800049c4 f   libucrt:exception_filter.obj
 0001:00003db4       __acrt_initialize_thread_local_exit_callback 0000000180004db4 f   libucrt:exit.obj
 0001:00003dbc       _cexit                     0000000180004dbc f   libucrt:exit.obj
 0001:00003dcc       _exit                      0000000180004dcc f   libucrt:exit.obj
 0001:00003dd8       _is_c_termination_complete 0000000180004dd8 f   libucrt:exit.obj
 0001:00003fa4       __acrt_allocate_buffer_for_argv 0000000180004fa4 f   libucrt:argv_parsing.obj
 0001:00004004       _configure_narrow_argv     0000000180005004 f   libucrt:argv_parsing.obj
 0001:0000437c       __dcrt_uninitialize_environments_nolock 000000018000537c f   libucrt:environment_initialization.obj
 0001:000043b4       _initialize_narrow_environment 00000001800053b4 f   libucrt:environment_initialization.obj
 0001:000046fc       _crt_atexit                00000001800056fc f   libucrt:onexit.obj
 0001:0000470c       _execute_onexit_table      000000018000570c f   libucrt:onexit.obj
 0001:00004748       _initialize_onexit_table   0000000180005748 f   libucrt:onexit.obj
 0001:00004770       _register_onexit_function  0000000180005770 f   libucrt:onexit.obj
 0001:000047f0       __acrt_uninitialize_command_line 00000001800057f0 f   libucrt:argv_data.obj
 0001:000048e8       __acrt_initialize          00000001800058e8 f   libucrt:initialization.obj
 0001:000048fc       __acrt_thread_attach       00000001800058fc f   libucrt:initialization.obj
 0001:00004910       __acrt_thread_detach       0000000180005910 f   libucrt:initialization.obj
 0001:00004920       __acrt_uninitialize        0000000180005920 f   libucrt:initialization.obj
 0001:00004958       __acrt_uninitialize_critical 0000000180005958 f   libucrt:initialization.obj
 0001:00004968       _initterm                  0000000180005968 f   libucrt:initterm.obj
 0001:000049cc       _initterm_e                00000001800059cc f   libucrt:initterm.obj
 0001:00004a0c       terminate                  0000000180005a0c f   libucrt:terminate.obj
 0001:00004a2c       free                       0000000180005a2c f   libucrt:free.obj
 0001:00004a40       strcpy_s                   0000000180005a40 f   libucrt:strcpy_s.obj
 0001:00004aa0       abort                      0000000180005aa0 f   libucrt:abort.obj
 0001:00004af8       calloc                     0000000180005af8 f   libucrt:calloc.obj
 0001:00004b00       wcsncmp                    0000000180005b00 f   libucrt:wcsncmp.obj
 0001:00004d40       ??$ensure_buffer_is_big_enough@D@formatting_buffer@__crt_stdio_output@@QEAA_N_K@Z 0000000180005d40 f i libucrt:output.obj
 0001:00004de8       ??$ensure_buffer_is_big_enough@_W@formatting_buffer@__crt_stdio_output@@QEAA_N_K@Z 0000000180005de8 f i libucrt:output.obj
 0001:00004e94       ??$is_wide_character_specifier@_W@__crt_stdio_output@@YA_N_K_WW4length_modifier@0@@Z 0000000180005e94 f i libucrt:output.obj
 0001:00004ed4       ??$type_case_integer_parse_into_buffer@I@?$output_processor@_WV?$string_output_adapter@_W@__crt_stdio_output@@V?$standard_base@_WV?$string_output_adapter@_W@__crt_stdio_output@@@2@@__crt_stdio_output@@AEAAXII_N@Z 0000000180005ed4 f i libucrt:output.obj
 0001:00004ed4       ??$type_case_integer_parse_into_buffer@I@?$output_processor@_WV?$stream_output_adapter@_W@__crt_stdio_output@@V?$standard_base@_WV?$stream_output_adapter@_W@__crt_stdio_output@@@2@@__crt_stdio_output@@AEAAXII_N@Z 0000000180005ed4 f i libucrt:output.obj
 0001:00004f78       ??$type_case_integer_parse_into_buffer@_K@?$output_processor@_WV?$string_output_adapter@_W@__crt_stdio_output@@V?$standard_base@_WV?$string_output_adapter@_W@__crt_stdio_output@@@2@@__crt_stdio_output@@AEAAX_KI_N@Z 0000000180005f78 f i libucrt:output.obj
 0001:00004f78       ??$type_case_integer_parse_into_buffer@_K@?$output_processor@_WV?$stream_output_adapter@_W@__crt_stdio_output@@V?$standard_base@_WV?$stream_output_adapter@_W@__crt_stdio_output@@@2@@__crt_stdio_output@@AEAAX_KI_N@Z 0000000180005f78 f i libucrt:output.obj
 0001:0000501c       ??$write_multiple_characters@V?$stream_output_adapter@_W@__crt_stdio_output@@D@__crt_stdio_output@@YAXAEBV?$stream_output_adapter@_W@0@DHQEAH@Z 000000018000601c f i libucrt:output.obj
 0001:000050b0       ??$write_multiple_characters@V?$string_output_adapter@_W@__crt_stdio_output@@D@__crt_stdio_output@@YAXAEBV?$string_output_adapter@_W@0@DHQEAH@Z 00000001800060b0 f i libucrt:output.obj
 0001:00005260       ?crop_zeroes@__crt_stdio_output@@YAXPEADQEAU__crt_locale_pointers@@@Z 0000000180006260 f i libucrt:output.obj
 0001:000052cc       ?force_decimal_point@__crt_stdio_output@@YAXPEADQEAU__crt_locale_pointers@@@Z 00000001800062cc f i libucrt:output.obj
 0001:0000533c       ?parse_int_from_format_string@?$output_processor@_WV?$string_output_adapter@_W@__crt_stdio_output@@V?$standard_base@_WV?$string_output_adapter@_W@__crt_stdio_output@@@2@@__crt_stdio_output@@AEAA_NQEAH@Z 000000018000633c f i libucrt:output.obj
 0001:0000533c       ?parse_int_from_format_string@?$output_processor@_WV?$stream_output_adapter@_W@__crt_stdio_output@@V?$standard_base@_WV?$stream_output_adapter@_W@__crt_stdio_output@@@2@@__crt_stdio_output@@AEAA_NQEAH@Z 000000018000633c f i libucrt:output.obj
 0001:000053e0       ?process@?$output_processor@_WV?$stream_output_adapter@_W@__crt_stdio_output@@V?$standard_base@_WV?$stream_output_adapter@_W@__crt_stdio_output@@@2@@__crt_stdio_output@@QEAAHXZ 00000001800063e0 f i libucrt:output.obj
 0001:0000564c       ?process@?$output_processor@_WV?$string_output_adapter@_W@__crt_stdio_output@@V?$standard_base@_WV?$string_output_adapter@_W@__crt_stdio_output@@@2@@__crt_stdio_output@@QEAAHXZ 000000018000664c f i libucrt:output.obj
 0001:000058c8       ?state_case_size@?$output_processor@_WV?$stream_output_adapter@_W@__crt_stdio_output@@V?$standard_base@_WV?$stream_output_adapter@_W@__crt_stdio_output@@@2@@__crt_stdio_output@@AEAA_NXZ 00000001800068c8 f i libucrt:output.obj
 0001:00005a60       ?state_case_size@?$output_processor@_WV?$string_output_adapter@_W@__crt_stdio_output@@V?$standard_base@_WV?$string_output_adapter@_W@__crt_stdio_output@@@2@@__crt_stdio_output@@AEAA_NXZ 0000000180006a60 f i libucrt:output.obj
 0001:00005bf8       ?state_case_type@?$output_processor@_WV?$stream_output_adapter@_W@__crt_stdio_output@@V?$standard_base@_WV?$stream_output_adapter@_W@__crt_stdio_output@@@2@@__crt_stdio_output@@AEAA_NXZ 0000000180006bf8 f i libucrt:output.obj
 0001:00005ed8       ?state_case_type@?$output_processor@_WV?$string_output_adapter@_W@__crt_stdio_output@@V?$standard_base@_WV?$string_output_adapter@_W@__crt_stdio_output@@@2@@__crt_stdio_output@@AEAA_NXZ 0000000180006ed8 f i libucrt:output.obj
 0001:000061a4       ?type_case_Z@?$output_processor@_WV?$string_output_adapter@_W@__crt_stdio_output@@V?$standard_base@_WV?$string_output_adapter@_W@__crt_stdio_output@@@2@@__crt_stdio_output@@AEAA_NXZ 00000001800071a4 f i libucrt:output.obj
 0001:000061a4       ?type_case_Z@?$output_processor@_WV?$stream_output_adapter@_W@__crt_stdio_output@@V?$standard_base@_WV?$stream_output_adapter@_W@__crt_stdio_output@@@2@@__crt_stdio_output@@AEAA_NXZ 00000001800071a4 f i libucrt:output.obj
 0001:00006220       ?type_case_a@?$output_processor@_WV?$string_output_adapter@_W@__crt_stdio_output@@V?$standard_base@_WV?$string_output_adapter@_W@__crt_stdio_output@@@2@@__crt_stdio_output@@AEAA_NXZ 0000000180007220 f i libucrt:output.obj
 0001:00006220       ?type_case_a@?$output_processor@_WV?$stream_output_adapter@_W@__crt_stdio_output@@V?$standard_base@_WV?$stream_output_adapter@_W@__crt_stdio_output@@@2@@__crt_stdio_output@@AEAA_NXZ 0000000180007220 f i libucrt:output.obj
 0001:00006400       ?type_case_c_tchar@?$output_processor@_WV?$string_output_adapter@_W@__crt_stdio_output@@V?$standard_base@_WV?$string_output_adapter@_W@__crt_stdio_output@@@2@@__crt_stdio_output@@AEAA_N_W@Z 0000000180007400 f i libucrt:output.obj
 0001:00006400       ?type_case_c_tchar@?$output_processor@_WV?$stream_output_adapter@_W@__crt_stdio_output@@V?$standard_base@_WV?$stream_output_adapter@_W@__crt_stdio_output@@@2@@__crt_stdio_output@@AEAA_N_W@Z 0000000180007400 f i libucrt:output.obj
 0001:000064a8       ?type_case_integer@?$output_processor@_WV?$stream_output_adapter@_W@__crt_stdio_output@@V?$standard_base@_WV?$stream_output_adapter@_W@__crt_stdio_output@@@2@@__crt_stdio_output@@AEAA_NI_N@Z 00000001800074a8 f i libucrt:output.obj
 0001:000064a8       ?type_case_integer@?$output_processor@_WV?$string_output_adapter@_W@__crt_stdio_output@@V?$standard_base@_WV?$string_output_adapter@_W@__crt_stdio_output@@@2@@__crt_stdio_output@@AEAA_NI_N@Z 00000001800074a8 f i libucrt:output.obj
 0001:00006674       ?type_case_n@?$output_processor@_WV?$string_output_adapter@_W@__crt_stdio_output@@V?$standard_base@_WV?$string_output_adapter@_W@__crt_stdio_output@@@2@@__crt_stdio_output@@AEAA_NXZ 0000000180007674 f i libucrt:output.obj
 0001:00006674       ?type_case_n@?$output_processor@_WV?$stream_output_adapter@_W@__crt_stdio_output@@V?$standard_base@_WV?$stream_output_adapter@_W@__crt_stdio_output@@@2@@__crt_stdio_output@@AEAA_NXZ 0000000180007674 f i libucrt:output.obj
 0001:00006750       ?type_case_s@?$output_processor@_WV?$string_output_adapter@_W@__crt_stdio_output@@V?$standard_base@_WV?$string_output_adapter@_W@__crt_stdio_output@@@2@@__crt_stdio_output@@AEAA_NXZ 0000000180007750 f i libucrt:output.obj
 0001:00006750       ?type_case_s@?$output_processor@_WV?$stream_output_adapter@_W@__crt_stdio_output@@V?$standard_base@_WV?$stream_output_adapter@_W@__crt_stdio_output@@@2@@__crt_stdio_output@@AEAA_NXZ 0000000180007750 f i libucrt:output.obj
 0001:00006818       ?write_stored_string_tchar@?$output_processor@_WV?$stream_output_adapter@_W@__crt_stdio_output@@V?$standard_base@_WV?$stream_output_adapter@_W@__crt_stdio_output@@@2@@__crt_stdio_output@@AEAA_N_W@Z 0000000180007818 f i libucrt:output.obj
 0001:00006920       ?write_stored_string_tchar@?$output_processor@_WV?$string_output_adapter@_W@__crt_stdio_output@@V?$standard_base@_WV?$string_output_adapter@_W@__crt_stdio_output@@@2@@__crt_stdio_output@@AEAA_N_W@Z 0000000180007920 f i libucrt:output.obj
 0001:00006a0c       ?write_string@?$string_output_adapter@_W@__crt_stdio_output@@QEBAXQEB_WHQEAHAEAV__crt_deferred_errno_cache@@@Z 0000000180007a0c f i libucrt:output.obj
 0001:00006ab4       ?write_string_impl@?$output_adapter_common@_WV?$stream_output_adapter@_W@__crt_stdio_output@@@__crt_stdio_output@@IEBAXQEB_WHQEAHAEAV__crt_deferred_errno_cache@@@Z 0000000180007ab4 f i libucrt:output.obj
 0001:00006bb8       __stdio_common_vfwprintf   0000000180007bb8 f   libucrt:output.obj
 0001:00006c44       __stdio_common_vswprintf   0000000180007c44 f   libucrt:output.obj
 0001:00006c4c       ??$parse_integer@KV?$c_string_character_source@_W@__crt_strtox@@@__crt_strtox@@YAKQEAU__crt_locale_pointers@@V?$c_string_character_source@_W@0@H_N@Z 0000000180007c4c f i libucrt:atox.obj
 0001:00007310       strncmp                    0000000180008310 f   libucrt:strncmp.obj
 0001:00007390       __acrt_call_reportfault    0000000180008390 f   libucrt:invalid_parameter.obj
 0001:000074ec       __acrt_initialize_invalid_parameter_handler 00000001800084ec f   libucrt:invalid_parameter.obj
 0001:000074f4       _invalid_parameter         00000001800084f4 f   libucrt:invalid_parameter.obj
 0001:000075a4       _invalid_parameter_noinfo  00000001800085a4 f   libucrt:invalid_parameter.obj
 0001:000075c4       _invoke_watson             00000001800085c4 f   libucrt:invalid_parameter.obj
 0001:0000760c       _query_app_type            000000018000860c f   libucrt:report_runtime_error.obj
 0001:00007614       __acrt_errno_from_os_error 0000000180008614 f   libucrt:errno.obj
 0001:0000765c       __acrt_errno_map_os_error  000000018000865c f   libucrt:errno.obj
 0001:000076ac       __doserrno                 00000001800086ac f   libucrt:errno.obj
 0001:000076cc       _errno                     00000001800086cc f   libucrt:errno.obj
 0001:0000782c       _itow_s                    000000018000882c f   libucrt:xtoa.obj
 0001:0000784c       _set_error_mode            000000018000884c f   libucrt:set_error_mode.obj
 0001:0000788c       wcscat_s                   000000018000888c f   libucrt:wcscat_s.obj
 0001:0000790c       wcscpy_s                   000000018000890c f   libucrt:wcscpy_s.obj
 0001:00007974       wcsncat_s                  0000000180008974 f   libucrt:wcsncat_s.obj
 0001:00007a74       ??$__acrt_wcs_to_mbs_cp@U__crt_win32_buffer_no_resizing@@@@YAHQEB_WAEAV?$__crt_win32_buffer@DU__crt_win32_buffer_no_resizing@@@@I@Z 0000000180008a74 f i libucrt:getmodulefilenamea.obj
 0001:00007b88       __acrt_GetModuleFileNameA  0000000180008b88 f   libucrt:getmodulefilenamea.obj
 0001:00007ca8       __acrt_show_wide_message_box 0000000180008ca8 f   libucrt:crtmbox.obj
 0001:00007d4c       __acrt_initialize_stdio    0000000180008d4c f   libucrt:_file.obj
 0001:00007e6c       __acrt_iob_func            0000000180008e6c f   libucrt:_file.obj
 0001:00007e80       __acrt_uninitialize_stdio  0000000180008e80 f   libucrt:_file.obj
 0001:00007edc       _lock_file                 0000000180008edc f   libucrt:_file.obj
 0001:00007ee8       _unlock_file               0000000180008ee8 f   libucrt:_file.obj
 0001:00008110       __acrt_stdio_flush_nolock  0000000180009110 f   libucrt:fflush.obj
 0001:0000818c       _fflush_nolock             000000018000918c f   libucrt:fflush.obj
 0001:000081d8       _flushall                  00000001800091d8 f   libucrt:fflush.obj
 0001:000081e0       fflush                     00000001800091e0 f   libucrt:fflush.obj
 0001:00008368       setvbuf                    0000000180009368 f   libucrt:setvbuf.obj
 0001:0000844c       __acrt_get_sigabrt_handler 000000018000944c f   libucrt:signal.obj
 0001:0000847c       __acrt_initialize_signal_handlers 000000018000947c f   libucrt:signal.obj
 0001:0000849c       raise                      000000018000949c f   libucrt:signal.obj
 0001:00008768       _tolower_l                 0000000180009768 f   libucrt:tolower_toupper.obj
 0001:000088a8       tolower                    00000001800098a8 f   libucrt:tolower_toupper.obj
 0001:00008c4c       __acrt_freeptd             0000000180009c4c f   libucrt:per_thread_data.obj
 0001:00008c90       __acrt_getptd              0000000180009c90 f   libucrt:per_thread_data.obj
 0001:00008d64       __acrt_getptd_head         0000000180009d64 f   libucrt:per_thread_data.obj
 0001:00008e0c       __acrt_getptd_noexit       0000000180009e0c f   libucrt:per_thread_data.obj
 0001:00008ed8       __acrt_initialize_ptd      0000000180009ed8 f   libucrt:per_thread_data.obj
 0001:00008f14       __acrt_uninitialize_ptd    0000000180009f14 f   libucrt:per_thread_data.obj
 0001:00008f38       __acrt_update_locale_info  0000000180009f38 f   libucrt:locale_update.obj
 0001:00008f6c       __acrt_update_multibyte_info 0000000180009f6c f   libucrt:locale_update.obj
 0001:00009010       __acrt_set_locale_changed  000000018000a010 f   libucrt:wsetlocale.obj
 0001:0000901c       __acrt_uninitialize_locale 000000018000a01c f   libucrt:wsetlocale.obj
 0001:0000904c       __acrt_initialize_locks    000000018000a04c f   libucrt:locks.obj
 0001:00009094       __acrt_lock                000000018000a094 f   libucrt:locks.obj
 0001:000090b0       __acrt_uninitialize_locks  000000018000a0b0 f   libucrt:locks.obj
 0001:000090e8       __acrt_unlock              000000018000a0e8 f   libucrt:locks.obj
 0001:00009104       _malloc_base               000000018000a104 f   libucrt:malloc_base.obj
 0001:00009164       __acrt_get_developer_information_policy 000000018000a164 f   libucrt:win_policies.obj
 0001:000091b8       __acrt_get_process_end_policy 000000018000a1b8 f   libucrt:win_policies.obj
 0001:000091f4       __acrt_get_windowing_model_policy 000000018000a1f4 f   libucrt:win_policies.obj
 0001:00009260       _calloc_base               000000018000a260 f   libucrt:calloc_base.obj
 0001:000092d8       _free_base                 000000018000a2d8 f   libucrt:free_base.obj
 0001:0000932c       ??$__acrt_mbs_to_wcs_cp@U__crt_win32_buffer_internal_dynamic_resizing@@@@YAHQEBDAEAV?$__crt_win32_buffer@_WU__crt_win32_buffer_internal_dynamic_resizing@@@@I@Z 000000018000a32c f i libucrt:argv_wildcards.obj
 0001:000094a4       ??$__acrt_wcs_to_mbs_cp@U__crt_win32_buffer_internal_dynamic_resizing@@@@YAHQEB_WAEAV?$__crt_win32_buffer@DU__crt_win32_buffer_internal_dynamic_resizing@@@@I@Z 000000018000a4a4 f i libucrt:argv_wildcards.obj
 0001:00009cd4       __acrt_expand_narrow_argv_wildcards 000000018000acd4 f   libucrt:argv_wildcards.obj
 0001:0000a408       __acrt_initialize_multibyte 000000018000b408 f   libucrt:mbctype.obj
 0001:0000a468       __acrt_update_thread_multibyte_data 000000018000b468 f   libucrt:mbctype.obj
 0001:0000a484       _setmbcp_nolock            000000018000b484 f   libucrt:mbctype.obj
 0001:0000a7b8       _ismbblead                 000000018000b7b8 f   libucrt:ismbbyte.obj
 0001:0000a7cc       __acrt_initialize_command_line 000000018000b7cc f   libucrt:argv_data.obj
 0001:0000a7f4       __acrt_MultiByteToWideChar 000000018000b7f4 f   libucrt:multibytetowidechar.obj
 0001:0000a850       __acrt_WideCharToMultiByte 000000018000b850 f   libucrt:widechartomultibyte.obj
 0001:0000a8e8       __dcrt_get_narrow_environment_from_os 000000018000b8e8 f   libucrt:get_environment_from_os.obj
 0001:0000a9ec       _recalloc_base             000000018000b9ec f   libucrt:recalloc.obj
 0001:0000ac5c       __acrt_AppPolicyGetProcessTerminationMethodInternal 000000018000bc5c f   libucrt:winapi_thunks.obj
 0001:0000acac       __acrt_AppPolicyGetShowDeveloperDiagnosticInternal 000000018000bcac f   libucrt:winapi_thunks.obj
 0001:0000acfc       __acrt_AppPolicyGetWindowingModelInternal 000000018000bcfc f   libucrt:winapi_thunks.obj
 0001:0000ad4c       __acrt_AreFileApisANSI     000000018000bd4c f   libucrt:winapi_thunks.obj
 0001:0000ad88       __acrt_FlsAlloc            000000018000bd88 f   libucrt:winapi_thunks.obj
 0001:0000add0       __acrt_FlsFree             000000018000bdd0 f   libucrt:winapi_thunks.obj
 0001:0000ae18       __acrt_FlsGetValue         000000018000be18 f   libucrt:winapi_thunks.obj
 0001:0000ae60       __acrt_FlsSetValue         000000018000be60 f   libucrt:winapi_thunks.obj
 0001:0000aeb4       __acrt_InitializeCriticalSectionEx 000000018000beb4 f   libucrt:winapi_thunks.obj
 0001:0000af18       __acrt_LCMapStringEx       000000018000bf18 f   libucrt:winapi_thunks.obj
 0001:0000aff4       __acrt_LocaleNameToLCID    000000018000bff4 f   libucrt:winapi_thunks.obj
 0001:0000b044       __acrt_MessageBoxW         000000018000c044 f   libucrt:winapi_thunks.obj
 0001:0000b0b8       __acrt_can_show_message_box 000000018000c0b8 f   libucrt:winapi_thunks.obj
 0001:0000b128       __acrt_get_parent_window   000000018000c128 f   libucrt:winapi_thunks.obj
 0001:0000b1a0       __acrt_initialize_winapi_thunks 000000018000c1a0 f   libucrt:winapi_thunks.obj
 0001:0000b1d4       __acrt_is_interactive      000000018000c1d4 f   libucrt:winapi_thunks.obj
 0001:0000b29c       __acrt_uninitialize_winapi_thunks 000000018000c29c f   libucrt:winapi_thunks.obj
 0001:0000b2e0       __acrt_initialize_heap     000000018000c2e0 f   libucrt:heap_handle.obj
 0001:0000b2fc       __acrt_uninitialize_heap   000000018000c2fc f   libucrt:heap_handle.obj
 0001:0000b504       __acrt_initialize_lowio    000000018000c504 f   libucrt:ioinit.obj
 0001:0000b540       __acrt_uninitialize_lowio  000000018000c540 f   libucrt:ioinit.obj
 0001:0000b580       __acrt_execute_initializers 000000018000c580 f   libucrt:shared_initialization.obj
 0001:0000b600       __acrt_execute_uninitializers 000000018000c600 f   libucrt:shared_initialization.obj
 0001:0000b63c       __acrt_has_user_matherr    000000018000c63c f   libucrt:matherr.obj
 0001:0000b65c       __acrt_initialize_user_matherr 000000018000c65c f   libucrt:matherr.obj
 0001:0000b664       __acrt_invoke_user_matherr 000000018000c664 f   libucrt:matherr.obj
 0001:0000b694       __acrt_stdio_begin_temporary_buffering_nolock 000000018000c694 f   libucrt:_sftbuf.obj
 0001:0000b764       __acrt_stdio_end_temporary_buffering_nolock 000000018000c764 f   libucrt:_sftbuf.obj
 0001:0000b7a0       isdigit                    000000018000c7a0 f i libucrt:_ctype.obj
 0001:0000b834       wcstol                     000000018000c834 f   libucrt:strtox.obj
 0001:0000b860       _mbtowc_l                  000000018000c860 f   libucrt:mbtowc.obj
 0001:0000b9dc       mbtowc                     000000018000c9dc f   libucrt:mbtowc.obj
 0001:0000b9e4       _wctomb_s_l                000000018000c9e4 f   libucrt:wctomb.obj
 0001:0000bb84       wctomb_s                   000000018000cb84 f   libucrt:wctomb.obj
 0001:0000bb98       wcsnlen                    000000018000cb98 f   libucrt:strnlen.obj
 0001:0000c744       __acrt_fp_format           000000018000d744 f   libucrt:cvt.obj
 0001:0000c9cc       _fputwc_nolock             000000018000d9cc f   libucrt:fputwc.obj
 0001:0000cb48       _fileno                    000000018000db48 f   libucrt:fileno.obj
 0001:0000cb70       _fputc_nolock              000000018000db70 f   libucrt:fputc.obj
 0001:0000cb88       _get_printf_count_output   000000018000db88 f   libucrt:printf_count_output.obj
 0001:0000cba0       __pctype_func              000000018000dba0 f   libucrt:ctype.obj
 0001:0000cbd0       iswctype                   000000018000dbd0 f   libucrt:iswctype.obj
 0001:0000cc40       _isctype_l                 000000018000dc40 f   libucrt:isctype.obj
 0001:0000cd50       _fcloseall                 000000018000dd50 f   libucrt:closeall.obj
 0001:0000ce04       __acrt_stdio_free_buffer_nolock 000000018000de04 f   libucrt:_freebuf.obj
 0001:0000ced0       _commit                    000000018000ded0 f   libucrt:commit.obj
 0001:0000d7d0       _write                     000000018000e7d0 f   libucrt:write.obj
 0001:0000d8bc       _write_nolock              000000018000e8bc f   libucrt:write.obj
 0001:0000db98       _isleadbyte_l              000000018000eb98 f i libucrt:_wctype.obj
 0001:0000defc       __acrt_LCMapStringA        000000018000eefc f   libucrt:lcmapstringa.obj
 0001:0000df94       __acrt_add_locale_ref      000000018000ef94 f   libucrt:locale_refcounting.obj
 0001:0000e020       __acrt_free_locale         000000018000f020 f   libucrt:locale_refcounting.obj
 0001:0000e198       __acrt_locale_add_lc_time_reference 000000018000f198 f   libucrt:locale_refcounting.obj
 0001:0000e1c0       __acrt_locale_free_lc_time_if_unreferenced 000000018000f1c0 f   libucrt:locale_refcounting.obj
 0001:0000e1f8       __acrt_locale_release_lc_time_reference 000000018000f1f8 f   libucrt:locale_refcounting.obj
 0001:0000e220       __acrt_release_locale_ref  000000018000f220 f   libucrt:locale_refcounting.obj
 0001:0000e2c8       __acrt_update_thread_locale_data 000000018000f2c8 f   libucrt:locale_refcounting.obj
 0001:0000e338       _updatetlocinfoEx_nolock   000000018000f338 f   libucrt:locale_refcounting.obj
 0001:0000e3a0       __acrt_locale_free_monetary 000000018000f3a0 f   libucrt:initmon.obj
 0001:0000e4ac       __acrt_locale_free_numeric 000000018000f4ac f   libucrt:initnum.obj
 0001:0000e570       __acrt_locale_free_time    000000018000f570 f   libucrt:inittime.obj
 0001:0000e678       __acrt_GetStringTypeA      000000018000f678 f   libucrt:getstringtypea.obj
 0001:0000e808       _query_new_mode            000000018000f808 f   libucrt:new_mode.obj
 0001:0000e810       qsort                      000000018000f810 f   libucrt:qsort.obj
 0001:0000ebd0       strncpy_s                  000000018000fbd0 f   libucrt:strncpy_s.obj
 0001:0000ed50       strpbrk                    000000018000fd50 f   libucrt:strpbrk.obj
 0001:0000f130       _mbsdec                    0000000180010130 f   libucrt:mbsdec.obj
 0001:0000f138       _mbsdec_l                  0000000180010138 f   libucrt:mbsdec.obj
 0001:0000f1e4       _msize_base                00000001800101e4 f   libucrt:msize.obj
 0001:0000f220       _realloc_base              0000000180010220 f   libucrt:realloc_base.obj
 0001:0000f384       __acrt_DownlevelLocaleNameToLCID 0000000180010384 f   libucrt:lcidtoname_downlevel.obj
 0001:0000f3b8       __acrt_lowio_create_handle_array 00000001800103b8 f   libucrt:osfinfo.obj
 0001:0000f460       __acrt_lowio_destroy_handle_array 0000000180010460 f   libucrt:osfinfo.obj
 0001:0000f4b0       __acrt_lowio_ensure_fh_exists 00000001800104b0 f   libucrt:osfinfo.obj
 0001:0000f558       __acrt_lowio_lock_fh       0000000180010558 f   libucrt:osfinfo.obj
 0001:0000f580       __acrt_lowio_unlock_fh     0000000180010580 f   libucrt:osfinfo.obj
 0001:0000f5a8       _free_osfhnd               00000001800105a8 f   libucrt:osfinfo.obj
 0001:0000f664       _get_osfhandle             0000000180010664 f   libucrt:osfinfo.obj
 0001:0000f6dc       _isatty                    00000001800106dc f   libucrt:isatty.obj
 0001:0000f73c       ?__mbrtowc_utf8@__crt_mbstring@@YA_KPEA_WPEBD_KPEAU_Mbstatet@@@Z 000000018001073c f   libucrt:mbrtowc.obj
 0001:0000f778       ?__mbsrtowcs_utf8@__crt_mbstring@@YA_KPEA_WPEAPEBD_KPEAU_Mbstatet@@@Z 0000000180010778 f   libucrt:mbrtowc.obj
 0001:0000f8f0       ?__c32rtomb_utf8@__crt_mbstring@@YA_KPEAD_UPEAU_Mbstatet@@@Z 00000001800108f0 f   libucrt:c32rtomb.obj
 0001:0000f9a8       __acrt_fp_strflt_to_string 00000001800109a8 f   libucrt:_fptostr.obj
 0001:0000fa90       ?divide@__crt_strtox@@YA_KAEAUbig_integer@1@AEBU21@@Z 0000000180010a90 f i libucrt:cfout.obj
 0001:0000febc       __acrt_fltout              0000000180010ebc f   libucrt:cfout.obj
 0001:000113bc       __acrt_stdio_flush_and_write_narrow_nolock 00000001800123bc f   libucrt:_flsbuf.obj
 0001:000114a8       __acrt_stdio_flush_and_write_wide_nolock 00000001800124a8 f   libucrt:_flsbuf.obj
 0001:00011594       __acrt_GetStringTypeW      0000000180012594 f   libucrt:getstringtypew.obj
 0001:0001159c       _fclose_nolock             000000018001259c f   libucrt:fclose.obj
 0001:00011620       fclose                     0000000180012620 f   libucrt:fclose.obj
 0001:00011810       _lseeki64                  0000000180012810 f   libucrt:lseek.obj
 0001:00011818       _lseeki64_nolock           0000000180012818 f   libucrt:lseek.obj
 0001:00011820       _putwch_nolock             0000000180012820 f   libucrt:putwch.obj
 0001:0001185c       __strncnt                  000000018001285c f   libucrt:strncnt.obj
 0001:00011874       ?__mbrtoc32_utf8@__crt_mbstring@@YA_KPEA_UPEBD_KPEAU_Mbstatet@@@Z 0000000180012874 f   libucrt:mbrtoc32.obj
 0001:00011a50       fegetenv                   0000000180012a50 f   libucrt:fegetenv.obj
 0001:00011a70       fesetenv                   0000000180012a70 f   libucrt:fesetenv.obj
 0001:00011ac0       feholdexcept               0000000180012ac0 f   libucrt:feholdexcept.obj
 0001:00011b10       ceil                       0000000180012b10 f   libucrt:ceil.obj
 0001:00011be0       log10                      0000000180012be0 f   libucrt:log10.obj
 0001:0001218c       __acrt_stdio_allocate_buffer_nolock 000000018001318c f   libucrt:_getbuf.obj
 0001:00012268       _close                     0000000180013268 f   libucrt:close.obj
 0001:0001230c       _close_nolock              000000018001330c f   libucrt:close.obj
 0001:000123cc       ?__acrt_stdio_free_stream@@YAXV__crt_stdio_stream@@@Z 00000001800133cc f   libucrt:stream.obj
 0001:000123e8       __dcrt_lowio_ensure_console_output_initialized 00000001800133e8 f   libucrt:initcon.obj
 0001:0001243c       __dcrt_terminate_console_output 000000018001343c f   libucrt:initcon.obj
 0001:00012458       __dcrt_write_console       0000000180013458 f   libucrt:initcon.obj
 0001:00012518       __acrt_fenv_get_control    0000000180013518 f   libucrt:_fenvutils.obj
 0001:0001260c       __acrt_fenv_get_status     000000018001360c f   libucrt:_fenvutils.obj
 0001:00012660       __acrt_fenv_set_control    0000000180013660 f   libucrt:_fenvutils.obj
 0001:000127a8       __acrt_fenv_set_status     00000001800137a8 f   libucrt:_fenvutils.obj
 0001:0001282c       _clearfp                   000000018001382c f   libucrt:ieee.obj
 0001:000129c0       _handle_error              00000001800139c0 f   libucrt:libm_error.obj
 0001:00012ae8       _handle_nan                0000000180013ae8 f   libucrt:libm_error.obj
 0001:00012b10       __acrt_initialize_fma3     0000000180013b10 f   libucrt:fma3_available.obj
 0001:00012b80       _log10_special             0000000180013b80 f   libucrt:log_special.obj
 0001:00012c50       _get_fpsr                  0000000180013c50 f   libucrt:fpsr.obj
 0001:00012c60       _set_fpsr                  0000000180013c60 f   libucrt:fpsr.obj
 0001:00012c6a       _fclrf                     0000000180013c6a f   libucrt:fpsr.obj
 0001:00012c7e       _frnd                      0000000180013c7e f   libucrt:fpsr.obj
 0001:00012ca0       _raise_exc                 0000000180013ca0 f   libucrt:fpexcept.obj
 0001:00012cc8       _raise_exc_ex              0000000180013cc8 f   libucrt:fpexcept.obj
 0001:00012fd8       _set_errno_from_matherr    0000000180013fd8 f   libucrt:fpexcept.obj
 0001:00013008       _clrfp                     0000000180014008 f   libucrt:fpctrl.obj
 0001:00013028       _ctrlfp                    0000000180014028 f   libucrt:fpctrl.obj
 0001:000130a4       _set_statfp                00000001800140a4 f   libucrt:fpctrl.obj
 0001:000130c4       _statfp                    00000001800140c4 f   libucrt:fpctrl.obj
 0001:000130d5       IsProcessorFeaturePresent  00000001800140d5 f   kernel32:KERNEL32.dll
 0001:000130dc       ?DloadAcquireSectionWriteAccess@@YAXXZ 00000001800140dc f i DelayImp:delayhlp.obj
 0001:00013188       ?DloadGetSRWLockFunctionPointers@@YAEXZ 0000000180014188 f i DelayImp:delayhlp.obj
 0001:00013224       ?DloadMakePermanentImageCommit@@YAXPEAX_K@Z 0000000180014224 f i DelayImp:delayhlp.obj
 0001:000132bc       ?DloadObtainSection@@YAPEAXPEAK0@Z 00000001800142bc f i DelayImp:delayhlp.obj
 0001:00013358       ?DloadProtectSection@@YAXKPEAK@Z 0000000180014358 f i DelayImp:delayhlp.obj
 0001:000133e8       ?DloadReleaseSectionWriteAccess@@YAXXZ 00000001800143e8 f i DelayImp:delayhlp.obj
 0001:0001347c       __delayLoadHelper2         000000018001447c f   DelayImp:delayhlp.obj
 0001:00013740       _FindPESection             0000000180014740 f   LIBCMT:pesect.obj
 0001:00013790       _IsNonwritableInCurrentImage 0000000180014790 f   LIBCMT:pesect.obj
 0001:000137e0       _ValidateImageBase         00000001800147e0 f   LIBCMT:pesect.obj
 0001:00013810       __GSHandlerCheck           0000000180014810 f   LIBCMT:gshandler.obj
 0001:00013830       __GSHandlerCheckCommon     0000000180014830 f   LIBCMT:gshandler.obj
 0001:000138a0       _alloca_probe              00000001800148a0 f   LIBCMT:chkstk.obj
 0001:000138a0       __chkstk                   00000001800148a0 f   LIBCMT:chkstk.obj
 0001:00013910       memcmp                     0000000180014910 f   libvcruntime:memcmp.obj
 0001:000139d8       strrchr                    00000001800149d8 f   libvcruntime:strrchr.obj
 0001:00013b40       _guard_dispatch_icall_nop  0000000180014b40 f   LIBCMT:guard_dispatch.obj
 0002:00000000       __imp_GetModuleHandleA     0000000180015000     kernel32:KERNEL32.dll
 0002:00000008       __imp_LoadLibraryExA       0000000180015008     kernel32:KERNEL32.dll
 0002:00000010       __imp_RtlCaptureContext    0000000180015010     kernel32:KERNEL32.dll
 0002:00000018       __imp_RtlLookupFunctionEntry 0000000180015018     kernel32:KERNEL32.dll
 0002:00000020       __imp_RtlVirtualUnwind     0000000180015020     kernel32:KERNEL32.dll
 0002:00000028       __imp_UnhandledExceptionFilter 0000000180015028     kernel32:KERNEL32.dll
 0002:00000030       __imp_SetUnhandledExceptionFilter 0000000180015030     kernel32:KERNEL32.dll
 0002:00000038       __imp_GetCurrentProcess    0000000180015038     kernel32:KERNEL32.dll
 0002:00000040       __imp_TerminateProcess     0000000180015040     kernel32:KERNEL32.dll
 0002:00000048       __imp_IsProcessorFeaturePresent 0000000180015048     kernel32:KERNEL32.dll
 0002:00000050       __imp_IsDebuggerPresent    0000000180015050     kernel32:KERNEL32.dll
 0002:00000058       __imp_GetStartupInfoW      0000000180015058     kernel32:KERNEL32.dll
 0002:00000060       __imp_GetModuleHandleW     0000000180015060     kernel32:KERNEL32.dll
 0002:00000068       __imp_QueryPerformanceCounter 0000000180015068     kernel32:KERNEL32.dll
 0002:00000070       __imp_GetCurrentProcessId  0000000180015070     kernel32:KERNEL32.dll
 0002:00000078       __imp_GetCurrentThreadId   0000000180015078     kernel32:KERNEL32.dll
 0002:00000080       __imp_GetSystemTimeAsFileTime 0000000180015080     kernel32:KERNEL32.dll
 0002:00000088       __imp_InitializeSListHead  0000000180015088     kernel32:KERNEL32.dll
 0002:00000090       __imp_RtlUnwindEx          0000000180015090     kernel32:KERNEL32.dll
 0002:00000098       __imp_RtlPcToFileHeader    0000000180015098     kernel32:KERNEL32.dll
 0002:000000a0       __imp_RaiseException       00000001800150a0     kernel32:KERNEL32.dll
 0002:000000a8       __imp_InterlockedFlushSList 00000001800150a8     kernel32:KERNEL32.dll
 0002:000000b0       __imp_GetLastError         00000001800150b0     kernel32:KERNEL32.dll
 0002:000000b8       __imp_SetLastError         00000001800150b8     kernel32:KERNEL32.dll
 0002:000000c0       __imp_EnterCriticalSection 00000001800150c0     kernel32:KERNEL32.dll
 0002:000000c8       __imp_LeaveCriticalSection 00000001800150c8     kernel32:KERNEL32.dll
 0002:000000d0       __imp_DeleteCriticalSection 00000001800150d0     kernel32:KERNEL32.dll
 0002:000000d8       __imp_InitializeCriticalSectionAndSpinCount 00000001800150d8     kernel32:KERNEL32.dll
 0002:000000e0       __imp_TlsAlloc             00000001800150e0     kernel32:KERNEL32.dll
 0002:000000e8       __imp_TlsGetValue          00000001800150e8     kernel32:KERNEL32.dll
 0002:000000f0       __imp_TlsSetValue          00000001800150f0     kernel32:KERNEL32.dll
 0002:000000f8       __imp_TlsFree              00000001800150f8     kernel32:KERNEL32.dll
 0002:00000100       __imp_FreeLibrary          0000000180015100     kernel32:KERNEL32.dll
 0002:00000108       __imp_GetProcAddress       0000000180015108     kernel32:KERNEL32.dll
 0002:00000110       __imp_LoadLibraryExW       0000000180015110     kernel32:KERNEL32.dll
 0002:00000118       __imp_GetStdHandle         0000000180015118     kernel32:KERNEL32.dll
 0002:00000120       __imp_GetFileType          0000000180015120     kernel32:KERNEL32.dll
 0002:00000128       __imp_GetModuleFileNameW   0000000180015128     kernel32:KERNEL32.dll
 0002:00000130       __imp_GetModuleHandleExW   0000000180015130     kernel32:KERNEL32.dll
 0002:00000138       __imp_WriteConsoleW        0000000180015138     kernel32:KERNEL32.dll
 0002:00000140       __imp_ExitProcess          0000000180015140     kernel32:KERNEL32.dll
 0002:00000148       __imp_WriteFile            0000000180015148     kernel32:KERNEL32.dll
 0002:00000150       __imp_OutputDebugStringW   0000000180015150     kernel32:KERNEL32.dll
 0002:00000158       __imp_HeapAlloc            0000000180015158     kernel32:KERNEL32.dll
 0002:00000160       __imp_HeapFree             0000000180015160     kernel32:KERNEL32.dll
 0002:00000168       __imp_FindClose            0000000180015168     kernel32:KERNEL32.dll
 0002:00000170       __imp_FindFirstFileExW     0000000180015170     kernel32:KERNEL32.dll
 0002:00000178       __imp_FindNextFileW        0000000180015178     kernel32:KERNEL32.dll
 0002:00000180       __imp_IsValidCodePage      0000000180015180     kernel32:KERNEL32.dll
 0002:00000188       __imp_GetACP               0000000180015188     kernel32:KERNEL32.dll
 0002:00000190       __imp_GetOEMCP             0000000180015190     kernel32:KERNEL32.dll
 0002:00000198       __imp_GetCPInfo            0000000180015198     kernel32:KERNEL32.dll
 0002:000001a0       __imp_GetCommandLineA      00000001800151a0     kernel32:KERNEL32.dll
 0002:000001a8       __imp_GetCommandLineW      00000001800151a8     kernel32:KERNEL32.dll
 0002:000001b0       __imp_MultiByteToWideChar  00000001800151b0     kernel32:KERNEL32.dll
 0002:000001b8       __imp_WideCharToMultiByte  00000001800151b8     kernel32:KERNEL32.dll
 0002:000001c0       __imp_GetEnvironmentStringsW 00000001800151c0     kernel32:KERNEL32.dll
 0002:000001c8       __imp_FreeEnvironmentStringsW 00000001800151c8     kernel32:KERNEL32.dll
 0002:000001d0       __imp_LCMapStringW         00000001800151d0     kernel32:KERNEL32.dll
 0002:000001d8       __imp_GetProcessHeap       00000001800151d8     kernel32:KERNEL32.dll
 0002:000001e0       __imp_FlushFileBuffers     00000001800151e0     kernel32:KERNEL32.dll
 0002:000001e8       __imp_GetConsoleCP         00000001800151e8     kernel32:KERNEL32.dll
 0002:000001f0       __imp_GetConsoleMode       00000001800151f0     kernel32:KERNEL32.dll
 0002:000001f8       __imp_GetStringTypeW       00000001800151f8     kernel32:KERNEL32.dll
 0002:00000200       __imp_HeapSize             0000000180015200     kernel32:KERNEL32.dll
 0002:00000208       __imp_HeapReAlloc          0000000180015208     kernel32:KERNEL32.dll
 0002:00000210       __imp_SetStdHandle         0000000180015210     kernel32:KERNEL32.dll
 0002:00000218       __imp_GetFileSizeEx        0000000180015218     kernel32:KERNEL32.dll
 0002:00000220       __imp_SetFilePointerEx     0000000180015220     kernel32:KERNEL32.dll
 0002:00000228       __imp_CloseHandle          0000000180015228     kernel32:KERNEL32.dll
 0002:00000230       __imp_CreateFileW          0000000180015230     kernel32:KERNEL32.dll
 0002:00000238       __imp_GetSystemInfo        0000000180015238     kernel32:KERNEL32.dll
 0002:00000240       __imp_VirtualProtect       0000000180015240     kernel32:KERNEL32.dll
 0002:00000248       __imp_VirtualQuery         0000000180015248     kernel32:KERNEL32.dll
 0002:00000250       \177KERNEL32_NULL_THUNK_DATA 0000000180015250     kernel32:KERNEL32.dll
 0002:00000258       __guard_check_icall_fptr   0000000180015258     LIBCMT:guard_support.obj
 0002:00000260       __guard_dispatch_icall_fptr 0000000180015260     LIBCMT:guard_support.obj
 0002:00000268       __xc_a                     0000000180015268     LIBCMT:initializers.obj
 0002:00000278       _register_addon_           0000000180015278     addon.obj
 0002:00000280       __xc_z                     0000000180015280     LIBCMT:initializers.obj
 0002:00000288       __xi_a                     0000000180015288     LIBCMT:initializers.obj
 0002:00000290       __acrt_stdio_initializer   0000000180015290     libucrt:stdio_initializer.obj
 0002:00000298       __acrt_multibyte_initializer 0000000180015298     libucrt:multibyte_initializer.obj
 0002:000002a0       __acrt_tran_fma3_initializer 00000001800152a0     libucrt:fma3_initializer.obj
 0002:000002a8       __xi_z                     00000001800152a8     LIBCMT:initializers.obj
 0002:000002b0       __xp_a                     00000001800152b0     LIBCMT:initializers.obj
 0002:000002b8       __acrt_locale_terminator   00000001800152b8     libucrt:locale_initializer.obj
 0002:000002c0       __dcrt_console_output_terminator 00000001800152c0     libucrt:console_output_initializer.obj
 0002:000002c8       __acrt_stdio_terminator    00000001800152c8     libucrt:stdio_initializer.obj
 0002:000002d0       __xp_z                     00000001800152d0     LIBCMT:initializers.obj
 0002:000002d8       __xt_a                     00000001800152d8     LIBCMT:initializers.obj
 0002:000002e0       __xt_z                     00000001800152e0     LIBCMT:initializers.obj
 0002:000002f0       __sz_node_exe              00000001800152f0     node:node.exe
 0002:00000300       _pRawDllMain               0000000180015300     LIBCMT:dll_dllmain.obj
 0002:00000300       _pDefaultRawDllMain        0000000180015300     LIBCMT:dll_dllmain.obj
 0002:00000320       ??_7exception@std@@6B@     0000000180015320     LIBCMT:throw_bad_alloc.obj
 0002:00000330       ??_C@_0BC@EOODALEL@Unknown?5exception@ 0000000180015330     LIBCMT:throw_bad_alloc.obj
 0002:00000350       ??_7bad_alloc@std@@6B@     0000000180015350     LIBCMT:throw_bad_alloc.obj
 0002:00000360       ??_C@_0P@GHFPNOJB@bad?5allocation@ 0000000180015360     LIBCMT:throw_bad_alloc.obj
 0002:00000378       ??_7bad_array_new_length@std@@6B@ 0000000180015378     LIBCMT:throw_bad_alloc.obj
 0002:00000388       ??_C@_0BF@KINCDENJ@bad?5array?5new?5length@ 0000000180015388     LIBCMT:throw_bad_alloc.obj
 0002:000003a8       ??_7type_info@@6B@         00000001800153a8     LIBCMT:std_type_info_static.obj
 0002:00000408       ??_C@_1DM@KHCHBNEB@?$AAa?$AAp?$AAi?$AA?9?$AAm?$AAs?$AA?9?$AAw?$AAi?$AAn?$AA?9?$AAc?$AAo?$AAr?$AAe@ 0000000180015408     libvcruntime:winapi_downlevel.obj
 0002:00000448       ??_C@_1DK@LPPGFMPP@?$AAa?$AAp?$AAi?$AA?9?$AAm?$AAs?$AA?9?$AAw?$AAi?$AAn?$AA?9?$AAc?$AAo?$AAr?$AAe@ 0000000180015448     libvcruntime:winapi_downlevel.obj
 0002:00000488       ??_C@_1BC@GDMECMAK@?$AAk?$AAe?$AAr?$AAn?$AAe?$AAl?$AA3?$AA2@ 0000000180015488     libvcruntime:winapi_downlevel.obj
 0002:000004a0       ??_C@_1BA@PFFKHIOG@?$AAa?$AAp?$AAi?$AA?9?$AAm?$AAs?$AA?9@ 00000001800154a0     libvcruntime:winapi_downlevel.obj
 0002:000004b0       ??_C@_1BA@IAIFMGEF@?$AAe?$AAx?$AAt?$AA?9?$AAm?$AAs?$AA?9@ 00000001800154b0     libvcruntime:winapi_downlevel.obj
 0002:000004c8       ??_C@_08KNHFBNJ@FlsAlloc@  00000001800154c8     libvcruntime:winapi_downlevel.obj
 0002:000004e0       ??_C@_07PEJMOBNF@FlsFree@  00000001800154e0     libvcruntime:winapi_downlevel.obj
 0002:000004f0       ??_C@_0M@GDNOONDI@FlsGetValue@ 00000001800154f0     libvcruntime:winapi_downlevel.obj
 0002:00000508       ??_C@_0M@JCPCPOEF@FlsSetValue@ 0000000180015508     libvcruntime:winapi_downlevel.obj
 0002:00000520       ??_C@_0BM@HCFOFFN@InitializeCriticalSectionEx@ 0000000180015520     libvcruntime:winapi_downlevel.obj
 0002:00000540       _pDestructExceptionObject  0000000180015540     libvcruntime:ehhelpers.obj
 0002:00000888       ??_C@_08EHJDFFNH@__based?$CI@ 0000000180015888     libvcruntime:undname.obj
 0002:00000898       ??_C@_07KOLFKCDI@__cdecl@  0000000180015898     libvcruntime:undname.obj
 0002:000008a0       ??_C@_08GHMPAG@__pascal@   00000001800158a0     libvcruntime:undname.obj
 0002:000008b0       ??_C@_09IFJBGAPI@__stdcall@ 00000001800158b0     libvcruntime:undname.obj
 0002:000008c0       ??_C@_0L@NPHFGOKO@__thiscall@ 00000001800158c0     libvcruntime:undname.obj
 0002:000008d0       ??_C@_0L@JMKHOMEK@__fastcall@ 00000001800158d0     libvcruntime:undname.obj
 0002:000008e0       ??_C@_0N@BCKKPABJ@__vectorcall@ 00000001800158e0     libvcruntime:undname.obj
 0002:000008f0       ??_C@_09HIJEGCPM@__clrcall@ 00000001800158f0     libvcruntime:undname.obj
 0002:000008fc       ??_C@_06GHPCKEAG@__eabi@   00000001800158fc     libvcruntime:undname.obj
 0002:00000908       ??_C@_09IOPIDJLG@__swift_1@ 0000000180015908     libvcruntime:undname.obj
 0002:00000918       ??_C@_09KFNFGKHF@__swift_2@ 0000000180015918     libvcruntime:undname.obj
 0002:00000928       ??_C@_07JOMMBBKO@__ptr64@  0000000180015928     libvcruntime:undname.obj
 0002:00000930       ??_C@_0L@PILCLIHE@__restrict@ 0000000180015930     libvcruntime:undname.obj
 0002:00000940       ??_C@_0M@GFIIJFMG@__unaligned@ 0000000180015940     libvcruntime:undname.obj
 0002:00000950       ??_C@_09DHDLOLLB@restrict?$CI@ 0000000180015950     libvcruntime:undname.obj
 0002:0000095a       ??_C@_00CNPNBAHC@@         000000018001595a     libvcruntime:undname.obj
 0002:0000095c       ??_C@_04NIHEBCM@?5new@     000000018001595c     libvcruntime:undname.obj
 0002:00000968       ??_C@_07FPCDHGMM@?5delete@ 0000000180015968     libvcruntime:undname.obj
 0002:00000970       ??_C@_01NEMOKFLO@?$DN@     0000000180015970     libvcruntime:undname.obj
 0002:00000974       ??_C@_02GPIOPFAK@?$DO?$DO@ 0000000180015974     libvcruntime:undname.obj
 0002:00000978       ??_C@_02FODMEDOG@?$DM?$DM@ 0000000180015978     libvcruntime:undname.obj
 0002:0000097c       ??_C@_01DCLJPIOD@?$CB@     000000018001597c     libvcruntime:undname.obj
 0002:00000980       ??_C@_02EGOFBIJA@?$DN?$DN@ 0000000180015980     libvcruntime:undname.obj
 0002:00000984       ??_C@_02FDNJECIE@?$CB?$DN@ 0000000180015984     libvcruntime:undname.obj
 0002:00000988       ??_C@_02GPECMEKF@?$FL?$FN@ 0000000180015988     libvcruntime:undname.obj
 0002:00000990       ??_C@_08LHJFAFGD@operator@ 0000000180015990     libvcruntime:undname.obj
 0002:0000099c       ??_C@_02HBOOOICD@?9?$DO@   000000018001599c     libvcruntime:undname.obj
 0002:000009a0       ??_C@_01NBENCBCI@?$CK@     00000001800159a0     libvcruntime:undname.obj
 0002:000009a4       ??_C@_02ECNGHCIF@?$CL?$CL@ 00000001800159a4     libvcruntime:undname.obj
 0002:000009a8       ??_C@_02BAABKJLB@?9?9@     00000001800159a8     libvcruntime:undname.obj
 0002:000009ac       ??_C@_01JOAMLHOP@?9@       00000001800159ac     libvcruntime:undname.obj
 0002:000009b0       ??_C@_01MIFGBAGJ@?$CL@     00000001800159b0     libvcruntime:undname.obj
 0002:000009b4       ??_C@_01HNPIGOCE@?$CG@     00000001800159b4     libvcruntime:undname.obj
 0002:000009b8       ??_C@_03MNHNFDLC@?9?$DO?$CK@ 00000001800159b8     libvcruntime:undname.obj
 0002:000009bc       ??_C@_01KMDKNFGN@?1@       00000001800159bc     libvcruntime:undname.obj
 0002:000009c0       ??_C@_01FGNFDNOH@?$CF@     00000001800159c0     libvcruntime:undname.obj
 0002:000009c4       ??_C@_01MNNFJEPP@?$DM@     00000001800159c4     libvcruntime:undname.obj
 0002:000009c8       ??_C@_02EHCHHCKH@?$DM?$DN@ 00000001800159c8     libvcruntime:undname.obj
 0002:000009cc       ??_C@_01PPODPGHN@?$DO@     00000001800159cc     libvcruntime:undname.obj
 0002:000009d0       ??_C@_02EEKDKGMJ@?$DO?$DN@ 00000001800159d0     libvcruntime:undname.obj
 0002:000009d4       ??_C@_01IHBHIGKO@?0@       00000001800159d4     libvcruntime:undname.obj
 0002:000009d8       ??_C@_02HCKGKOFO@?$CI?$CJ@ 00000001800159d8     libvcruntime:undname.obj
 0002:000009dc       ??_C@_01PJKLJHI@?$HO@      00000001800159dc     libvcruntime:undname.obj
 0002:000009e0       ??_C@_01JKBOJNNK@?$FO@     00000001800159e0     libvcruntime:undname.obj
 0002:000009e4       ??_C@_01DNKMNLPK@?$HM@     00000001800159e4     libvcruntime:undname.obj
 0002:000009e8       ??_C@_02PPKAJPJL@?$CG?$CG@ 00000001800159e8     libvcruntime:undname.obj
 0002:000009ec       ??_C@_02NONPIBCD@?$HM?$HM@ 00000001800159ec     libvcruntime:undname.obj
 0002:000009f0       ??_C@_02FPIMKNGF@?$CK?$DN@ 00000001800159f0     libvcruntime:undname.obj
 0002:000009f4       ??_C@_02FOEOMHFC@?$CL?$DN@ 00000001800159f4     libvcruntime:undname.obj
 0002:000009f8       ??_C@_02FKMDLLOA@?9?$DN@   00000001800159f8     libvcruntime:undname.obj
 0002:000009fc       ??_C@_02FJEHGPIO@?1?$DN@   00000001800159fc     libvcruntime:undname.obj
 0002:00000a00       ??_C@_02FENAOKFI@?$CF?$DN@ 0000000180015a00     libvcruntime:undname.obj
 0002:00000a04       ??_C@_03IKFCCPFF@?$DO?$DO?$DN@ 0000000180015a04     libvcruntime:undname.obj
 0002:00000a08       ??_C@_03CDNPDDLA@?$DM?$DM?$DN@ 0000000180015a08     libvcruntime:undname.obj
 0002:00000a0c       ??_C@_02FGJGFEAB@?$CG?$DN@ 0000000180015a0c     libvcruntime:undname.obj
 0002:00000a10       ??_C@_02DHLNPPGH@?$HM?$DN@ 0000000180015a10     libvcruntime:undname.obj
 0002:00000a14       ??_C@_02MHEGNOJ@?$FO?$DN@  0000000180015a14     libvcruntime:undname.obj
 0002:00000a18       ??_C@_09IFPLHPGF@?$GAvftable?8@ 0000000180015a18     libvcruntime:undname.obj
 0002:00000a28       ??_C@_09BLBHBJP@?$GAvbtable?8@ 0000000180015a28     libvcruntime:undname.obj
 0002:00000a38       ??_C@_07FEEIOKP@?$GAvcall?8@ 0000000180015a38     libvcruntime:undname.obj
 0002:00000a40       ??_C@_08LLFFHHDJ@?$GAtypeof?8@ 0000000180015a40     libvcruntime:undname.obj
 0002:00000a50       ??_C@_0BF@KDPPACIK@?$GAlocal?5static?5guard?8@ 0000000180015a50     libvcruntime:undname.obj
 0002:00000a68       ??_C@_08OBABFOLI@?$GAstring?8@ 0000000180015a68     libvcruntime:undname.obj
 0002:00000a78       ??_C@_0BD@JDLKDPAB@?$GAvbase?5destructor?8@ 0000000180015a78     libvcruntime:undname.obj
 0002:00000a90       ??_C@_0BN@DEGPLNFK@?$GAvector?5deleting?5destructor?8@ 0000000180015a90     libvcruntime:undname.obj
 0002:00000ab0       ??_C@_0BO@OBMKPJIG@?$GAdefault?5constructor?5closure?8@ 0000000180015ab0     libvcruntime:undname.obj
 0002:00000ad0       ??_C@_0BN@IMDCHIKM@?$GAscalar?5deleting?5destructor?8@ 0000000180015ad0     libvcruntime:undname.obj
 0002:00000af0       ??_C@_0BO@PFGOCPJJ@?$GAvector?5constructor?5iterator?8@ 0000000180015af0     libvcruntime:undname.obj
 0002:00000b10       ??_C@_0BN@LFPFMEDL@?$GAvector?5destructor?5iterator?8@ 0000000180015b10     libvcruntime:undname.obj
 0002:00000b30       ??_C@_0CE@IKBNEHA@?$GAvector?5vbase?5constructor?5itera@ 0000000180015b30     libvcruntime:undname.obj
 0002:00000b58       ??_C@_0BL@NILFHHPC@?$GAvirtual?5displacement?5map?8@ 0000000180015b58     libvcruntime:undname.obj
 0002:00000b78       ??_C@_0CB@JONCMFFK@?$GAeh?5vector?5constructor?5iterator@ 0000000180015b78     libvcruntime:undname.obj
 0002:00000ba0       ??_C@_0CA@GCEOPDGL@?$GAeh?5vector?5destructor?5iterator?8@ 0000000180015ba0     libvcruntime:undname.obj
 0002:00000bc0       ??_C@_0CH@OOJPLCPH@?$GAeh?5vector?5vbase?5constructor?5it@ 0000000180015bc0     libvcruntime:undname.obj
 0002:00000be8       ??_C@_0BL@LLKPOHJI@?$GAcopy?5constructor?5closure?8@ 0000000180015be8     libvcruntime:undname.obj
 0002:00000c08       ??_C@_0BA@KBCDOMBN@?$GAudt?5returning?8@ 0000000180015c08     libvcruntime:undname.obj
 0002:00000c18       ??_C@_03KLGMFNMG@?$GAEH@   0000000180015c18     libvcruntime:undname.obj
 0002:00000c1c       ??_C@_05KHLCHHI@?$GARTTI@  0000000180015c1c     libvcruntime:undname.obj
 0002:00000c28       ??_C@_0BA@KKLDJDLB@?$GAlocal?5vftable?8@ 0000000180015c28     libvcruntime:undname.obj
 0002:00000c38       ??_C@_0CE@IIHCMGGL@?$GAlocal?5vftable?5constructor?5clos@ 0000000180015c38     libvcruntime:undname.obj
 0002:00000c5c       ??_C@_06FHBGPFGH@?5new?$FL?$FN@ 0000000180015c5c     libvcruntime:undname.obj
 0002:00000c68       ??_C@_09LBNFPBCA@?5delete?$FL?$FN@ 0000000180015c68     libvcruntime:undname.obj
 0002:00000c78       ??_C@_0P@HJKNJFNN@?$GAomni?5callsig?8@ 0000000180015c78     libvcruntime:undname.obj
 0002:00000c88       ??_C@_0BL@CNOONJFP@?$GAplacement?5delete?5closure?8@ 0000000180015c88     libvcruntime:undname.obj
 0002:00000ca8       ??_C@_0BN@CKNJLHMB@?$GAplacement?5delete?$FL?$FN?5closure?8@ 0000000180015ca8     libvcruntime:undname.obj
 0002:00000cc8       ??_C@_0CG@CFDHKGGD@?$GAmanaged?5vector?5constructor?5ite@ 0000000180015cc8     libvcruntime:undname.obj
 0002:00000cf0       ??_C@_0CF@IMGKMJNO@?$GAmanaged?5vector?5destructor?5iter@ 0000000180015cf0     libvcruntime:undname.obj
 0002:00000d18       ??_C@_0CG@HLDDJMAG@?$GAeh?5vector?5copy?5constructor?5ite@ 0000000180015d18     libvcruntime:undname.obj
 0002:00000d40       ??_C@_0CM@FCBBDIGB@?$GAeh?5vector?5vbase?5copy?5construct@ 0000000180015d40     libvcruntime:undname.obj
 0002:00000d70       ??_C@_0BL@CLIPGLGB@?$GAdynamic?5initializer?5for?5?8@ 0000000180015d70     libvcruntime:undname.obj
 0002:00000d90       ??_C@_0CB@PDBIFEP@?$GAdynamic?5atexit?5destructor?5for?5@ 0000000180015d90     libvcruntime:undname.obj
 0002:00000db8       ??_C@_0CD@CGAJBKEJ@?$GAvector?5copy?5constructor?5iterat@ 0000000180015db8     libvcruntime:undname.obj
 0002:00000de0       ??_C@_0CJ@GJELGAMM@?$GAvector?5vbase?5copy?5constructor?5@ 0000000180015de0     libvcruntime:undname.obj
 0002:00000e10       ??_C@_0CL@FGIJHLCE@?$GAmanaged?5vector?5copy?5constructo@ 0000000180015e10     libvcruntime:undname.obj
 0002:00000e40       ??_C@_0BM@PMGGMLDN@?$GAlocal?5static?5thread?5guard?8@ 0000000180015e40     libvcruntime:undname.obj
 0002:00000e60       ??_C@_0N@BDNMDMOL@operator?5?$CC?$CC?5@ 0000000180015e60     libvcruntime:undname.obj
 0002:00000e70       ??_C@_0BC@GGEBGALA@operator?5co_await@ 0000000180015e70     libvcruntime:undname.obj
 0002:00000e88       ??_C@_0BC@DAFEJGAK@?5Type?5Descriptor?8@ 0000000180015e88     libvcruntime:undname.obj
 0002:00000ea0       ??_C@_0BM@LDKODKLH@?5Base?5Class?5Descriptor?5at?5?$CI@ 0000000180015ea0     libvcruntime:undname.obj
 0002:00000ec0       ??_C@_0BD@LGICGFMM@?5Base?5Class?5Array?8@ 0000000180015ec0     libvcruntime:undname.obj
 0002:00000ed8       ??_C@_0BN@MECKDCOJ@?5Class?5Hierarchy?5Descriptor?8@ 0000000180015ed8     libvcruntime:undname.obj
 0002:00000ef8       ??_C@_0BK@CFCOFLF@?5Complete?5Object?5Locator?8@ 0000000180015ef8     libvcruntime:undname.obj
 0002:00000f20       ??_C@_1FE@LHBLIKM@?$AAA?$AAs?$AAs?$AAe?$AAr?$AAt?$AAi?$AAo?$AAn?$AA?5?$AAf?$AAa?$AAi?$AAl?$AAe?$AAd?$AA?3?$AA?5?$AA?$CF?$AAT?$AAs?$AA?0?$AA?5?$AAf?$AAi?$AAl?$AAe?$AA?5?$AA?$CF?$AAT?$AAs?$AA?0@ 0000000180015f20     libucrt:assert.obj
 0002:00000f80       ??_C@_1EK@MBDPDCGA@?$AAM?$AAi?$AAc?$AAr?$AAo?$AAs?$AAo?$AAf?$AAt?$AA?5?$AAV?$AAi?$AAs?$AAu?$AAa?$AAl?$AA?5?$AAC?$AA?$CL?$AA?$CL?$AA?5?$AAR?$AAu?$AAn?$AAt?$AAi?$AAm?$AAe?$AA?5?$AAL?$AAi?$AAb@ 0000000180015f80     libucrt:assert.obj
 0002:00000fd0       ??_C@_1CE@OJBNHDMO@?$AAA?$AAs?$AAs?$AAe?$AAr?$AAt?$AAi?$AAo?$AAn?$AA?5?$AAf?$AAa?$AAi?$AAl?$AAe?$AAd?$AA?$CB?$AA?$AA@ 0000000180015fd0     libucrt:assert.obj
 0002:00000ff8       ??_C@_1BE@PHKBBGE@?$AAP?$AAr?$AAo?$AAg?$AAr?$AAa?$AAm?$AA?3?$AA?5?$AA?$AA@ 0000000180015ff8     libucrt:assert.obj
 0002:00001010       ??_C@_1O@HEMHKNDC@?$AAF?$AAi?$AAl?$AAe?$AA?3?$AA?5?$AA?$AA@ 0000000180016010     libucrt:assert.obj
 0002:00001020       ??_C@_1O@KCAFKHJE@?$AAL?$AAi?$AAn?$AAe?$AA?3?$AA?5?$AA?$AA@ 0000000180016020     libucrt:assert.obj
 0002:00001030       ??_C@_1BK@PEDCIPMA@?$AAE?$AAx?$AAp?$AAr?$AAe?$AAs?$AAs?$AAi?$AAo?$AAn?$AA?3?$AA?5?$AA?$AA@ 0000000180016030     libucrt:assert.obj
 0002:00001050       ??_C@_1OA@EGMLFBHJ@?$AAF?$AAo?$AAr?$AA?5?$AAi?$AAn?$AAf?$AAo?$AAr?$AAm?$AAa?$AAt?$AAi?$AAo?$AAn?$AA?5?$AAo?$AAn?$AA?5?$AAh?$AAo?$AAw?$AA?5?$AAy?$AAo?$AAu?$AAr?$AA?5?$AAp?$AAr?$AAo?$AAg@ 0000000180016050     libucrt:assert.obj
 0002:00001130       ??_C@_1HK@POCJMFGK@?$AA?$CI?$AAP?$AAr?$AAe?$AAs?$AAs?$AA?5?$AAR?$AAe?$AAt?$AAr?$AAy?$AA?5?$AAt?$AAo?$AA?5?$AAd?$AAe?$AAb?$AAu?$AAg?$AA?5?$AAt?$AAh?$AAe?$AA?5?$AAa?$AAp?$AAp?$AAl?$AAi?$AAc@ 0000000180016130     libucrt:assert.obj
 0002:000011b0       ??_C@_17LGKOMLJ@?$AA?4?$AA?4?$AA?4?$AA?$AA@ 00000001800161b0     libucrt:assert.obj
 0002:000011b8       ??_C@_13LBAGMAIH@?$AA?6?$AA?$AA@ 00000001800161b8     libucrt:assert.obj
 0002:000011bc       ??_C@_15IABLJNFO@?$AA?6?$AA?6?$AA?$AA@ 00000001800161bc     libucrt:assert.obj
 0002:000011c8       ??_C@_1CO@EAEJAADC@?$AA?$DM?$AAp?$AAr?$AAo?$AAg?$AAr?$AAa?$AAm?$AA?5?$AAn?$AAa?$AAm?$AAe?$AA?5?$AAu?$AAn?$AAk?$AAn?$AAo?$AAw?$AAn?$AA?$DO?$AA?$AA@ 00000001800161c8     libucrt:assert.obj
 0002:00001200       __acrt_exception_action_table 0000000180016200     libucrt:exception_filter.obj
 0002:000012c0       __acrt_signal_action_table_count 00000001800162c0     libucrt:exception_filter.obj
 0002:000012c8       __acrt_signal_action_first_fpe_index 00000001800162c8     libucrt:exception_filter.obj
 0002:000012d0       __acrt_signal_action_fpe_count 00000001800162d0     libucrt:exception_filter.obj
 0002:000012d8       ??_C@_1BI@BGOHAHKC@?$AAm?$AAs?$AAc?$AAo?$AAr?$AAe?$AAe?$AA?4?$AAd?$AAl?$AAl?$AA?$AA@ 00000001800162d8     libucrt:exit.obj
 0002:000012f0       ??_C@_0P@MIGLKIOC@CorExitProcess?$AA@ 00000001800162f0     libucrt:exit.obj
 0002:00001400       standard_lookup_table      0000000180016400     libucrt:output.obj
 0002:00001460       ??_C@_1O@CEDCILHN@?$AA?$CI?$AAn?$AAu?$AAl?$AAl?$AA?$CJ?$AA?$AA@ 0000000180016460     libucrt:output.obj
 0002:00001470       ??_C@_06OJHGLDPL@?$CInull?$CJ?$AA@ 0000000180016470     libucrt:output.obj
 0002:000015f0       __lc_time_c                00000001800165f0     libucrt:nlsdata.obj
 0002:000018b0       ??_C@_03KOEHGMDN@Sun?$AA@  00000001800168b0     libucrt:nlsdata.obj
 0002:000018b4       ??_C@_03PDAGKDH@Mon?$AA@   00000001800168b4     libucrt:nlsdata.obj
 0002:000018b8       ??_C@_03NAGEINEP@Tue?$AA@  00000001800168b8     libucrt:nlsdata.obj
 0002:000018bc       ??_C@_03MHOMLAJA@Wed?$AA@  00000001800168bc     libucrt:nlsdata.obj
 0002:000018c0       ??_C@_03IOFIKPDN@Thu?$AA@  00000001800168c0     libucrt:nlsdata.obj
 0002:000018c4       ??_C@_03IDIOELNC@Fri?$AA@  00000001800168c4     libucrt:nlsdata.obj
 0002:000018c8       ??_C@_03FEFJNEK@Sat?$AA@   00000001800168c8     libucrt:nlsdata.obj
 0002:000018cc       ??_C@_06OOPIFAJ@Sunday?$AA@ 00000001800168cc     libucrt:nlsdata.obj
 0002:000018d4       ??_C@_06JLEDEDGH@Monday?$AA@ 00000001800168d4     libucrt:nlsdata.obj
 0002:000018e0       ??_C@_07BAAGCFCM@Tuesday?$AA@ 00000001800168e0     libucrt:nlsdata.obj
 0002:000018e8       ??_C@_09DLIGFAKA@Wednesday?$AA@ 00000001800168e8     libucrt:nlsdata.obj
 0002:000018f8       ??_C@_08HACCIKIA@Thursday?$AA@ 00000001800168f8     libucrt:nlsdata.obj
 0002:00001904       ??_C@_06JECMNKMI@Friday?$AA@ 0000000180016904     libucrt:nlsdata.obj
 0002:00001910       ??_C@_08INBOOONO@Saturday?$AA@ 0000000180016910     libucrt:nlsdata.obj
 0002:0000191c       ??_C@_03JIHJHPIE@Jan?$AA@  000000018001691c     libucrt:nlsdata.obj
 0002:00001920       ??_C@_03HJBDCHOM@Feb?$AA@  0000000180016920     libucrt:nlsdata.obj
 0002:00001924       ??_C@_03ODNJBKGA@Mar?$AA@  0000000180016924     libucrt:nlsdata.obj
 0002:00001928       ??_C@_03LEOLGMJP@Apr?$AA@  0000000180016928     libucrt:nlsdata.obj
 0002:0000192c       ??_C@_03CNMDKL@May?$AA@    000000018001692c     libucrt:nlsdata.obj
 0002:00001930       ??_C@_03IDFGHECI@Jun?$AA@  0000000180016930     libucrt:nlsdata.obj
 0002:00001934       ??_C@_03LBGABGKK@Jul?$AA@  0000000180016934     libucrt:nlsdata.obj
 0002:00001938       ??_C@_03IFJFEIGA@Aug?$AA@  0000000180016938     libucrt:nlsdata.obj
 0002:0000193c       ??_C@_03GGCAPAJC@Sep?$AA@  000000018001693c     libucrt:nlsdata.obj
 0002:00001940       ??_C@_03BMAOKBAD@Oct?$AA@  0000000180016940     libucrt:nlsdata.obj
 0002:00001944       ??_C@_03JPJOFNIA@Nov?$AA@  0000000180016944     libucrt:nlsdata.obj
 0002:00001948       ??_C@_03MKABNOCG@Dec?$AA@  0000000180016948     libucrt:nlsdata.obj
 0002:00001950       ??_C@_07CGJPFGJA@January?$AA@ 0000000180016950     libucrt:nlsdata.obj
 0002:00001958       ??_C@_08GNJGEPFN@February?$AA@ 0000000180016958     libucrt:nlsdata.obj
 0002:00001964       ??_C@_05HPCKOFNC@March?$AA@ 0000000180016964     libucrt:nlsdata.obj
 0002:0000196c       ??_C@_05DMJDNLEJ@April?$AA@ 000000018001696c     libucrt:nlsdata.obj
 0002:00001974       ??_C@_04CNLMGBGM@June?$AA@ 0000000180016974     libucrt:nlsdata.obj
 0002:0000197c       ??_C@_04MIEPOIFP@July?$AA@ 000000018001697c     libucrt:nlsdata.obj
 0002:00001984       ??_C@_06LBBHFDDG@August?$AA@ 0000000180016984     libucrt:nlsdata.obj
 0002:00001990       ??_C@_09BHHEALKD@September?$AA@ 0000000180016990     libucrt:nlsdata.obj
 0002:000019a0       ??_C@_07JJNFCEND@October?$AA@ 00000001800169a0     libucrt:nlsdata.obj
 0002:000019a8       ??_C@_08HCHEGEOA@November?$AA@ 00000001800169a8     libucrt:nlsdata.obj
 0002:000019b8       ??_C@_08EDHMEBNP@December?$AA@ 00000001800169b8     libucrt:nlsdata.obj
 0002:000019c4       ??_C@_02DEDBPAFC@AM?$AA@   00000001800169c4     libucrt:nlsdata.obj
 0002:000019c8       ??_C@_02CJNFDJBF@PM?$AA@   00000001800169c8     libucrt:nlsdata.obj
 0002:000019d0       ??_C@_08BPBNCDIB@MM?1dd?1yy?$AA@ 00000001800169d0     libucrt:nlsdata.obj
 0002:000019e0       ??_C@_0BE@CKGJFCPC@dddd?0?5MMMM?5dd?0?5yyyy?$AA@ 00000001800169e0     libucrt:nlsdata.obj
 0002:000019f8       ??_C@_08JCCMCCIL@HH?3mm?3ss?$AA@ 00000001800169f8     libucrt:nlsdata.obj
[...]
 0004:00000d8c       $pdata$_fileno             0000000180023d8c     libucrt:fileno.obj
 0004:00000d98       $pdata$__pctype_func       0000000180023d98     libucrt:ctype.obj
 0004:00000da4       $pdata$iswctype            0000000180023da4     libucrt:iswctype.obj
 0004:00000db0       $pdata$_isctype_l          0000000180023db0     libucrt:isctype.obj
 0004:00000dbc       $pdata$_fcloseall          0000000180023dbc     libucrt:closeall.obj
 0004:00000dc8       $pdata$__acrt_stdio_free_buffer_nolock 0000000180023dc8     libucrt:_freebuf.obj
 0004:00000dd4       $pdata$??$?RV<lambda_a37b2b86f63e897a80ea819b0eb08c01>@@AEAV<lambda_38ce7e780aa69e748d6df282ebc68efe>@@V<lambda_99fb1378e971ab6e7edea83e3a7a83a2>@@@?$__crt_seh_guarded_call@H@@QEAAH$$QEAV<lambda_a37b2b86f63e897a80ea819b0eb08c01>@@AEAV<lambda_38ce7e780aa69e748d6df282ebc68efe>@@$$QEAV<lambda_99fb1378e971ab6e7edea83e3a7a83a2>@@@Z 0000000180023dd4     libucrt:commit.obj
 0004:00000de0       $pdata$_commit             0000000180023de0     libucrt:commit.obj
 0004:00000dec       $pdata$?write_double_translated_ansi_nolock@@YA?AUwrite_result@?A0x17268360@@HQEBDI@Z 0000000180023dec     libucrt:write.obj
 0004:00000df8       $pdata$?write_text_ansi_nolock@@YA?AUwrite_result@?A0x17268360@@HQEBDI@Z 0000000180023df8     libucrt:write.obj
 0004:00000e04       $pdata$?write_text_utf16le_nolock@@YA?AUwrite_result@?A0x17268360@@HQEBDI@Z 0000000180023e04     libucrt:write.obj
 0004:00000e10       $pdata$?write_text_utf8_nolock@@YA?AUwrite_result@?A0x17268360@@HQEBDI@Z 0000000180023e10     libucrt:write.obj
 0004:00000e1c       $pdata$_write              0000000180023e1c     libucrt:write.obj
 0004:00000e28       $pdata$_write_nolock       0000000180023e28     libucrt:write.obj
 0004:00000e34       $pdata$_isleadbyte_l       0000000180023e34     libucrt:_wctype.obj
 0004:00000e40       $pdata$?__acrt_LCMapStringA_stat@@YAHPEAU__crt_locale_pointers@@PEB_WKPEBDHPEADHHH@Z 0000000180023e40     libucrt:lcmapstringa.obj
 0004:00000e4c       $pdata$__acrt_LCMapStringA 0000000180023e4c     libucrt:lcmapstringa.obj
 0004:00000e58       $pdata$__acrt_free_locale  0000000180023e58     libucrt:locale_refcounting.obj
 0004:00000e64       $pdata$__acrt_locale_free_lc_time_if_unreferenced 0000000180023e64     libucrt:locale_refcounting.obj
 0004:00000e70       $pdata$__acrt_release_locale_ref 0000000180023e70     libucrt:locale_refcounting.obj
 0004:00000e7c       $pdata$__acrt_update_thread_locale_data 0000000180023e7c     libucrt:locale_refcounting.obj
 0004:00000e88       $pdata$_updatetlocinfoEx_nolock 0000000180023e88     libucrt:locale_refcounting.obj
 0004:00000e94       $pdata$__acrt_locale_free_monetary 0000000180023e94     libucrt:initmon.obj
 0004:00000ea0       $pdata$__acrt_locale_free_numeric 0000000180023ea0     libucrt:initnum.obj
 0004:00000eac       $pdata$?free_crt_array_internal@@YAXQEAPEBX_K@Z 0000000180023eac     libucrt:inittime.obj
 0004:00000eb8       $pdata$__acrt_locale_free_time 0000000180023eb8     libucrt:inittime.obj
 0004:00000ec4       $pdata$__acrt_GetStringTypeA 0000000180023ec4     libucrt:getstringtypea.obj
 0004:00000ed0       $pdata$qsort               0000000180023ed0     libucrt:qsort.obj
 0004:00000edc       $pdata$4$qsort             0000000180023edc     libucrt:qsort.obj
 0004:00000ee8       $pdata$5$qsort             0000000180023ee8     libucrt:qsort.obj
 0004:00000ef4       $pdata$strncpy_s           0000000180023ef4     libucrt:strncpy_s.obj
 0004:00000f00       $pdata$fallbackMethod      0000000180023f00     libucrt:strpbrk.obj
 0004:00000f0c       $pdata$strpbrk             0000000180023f0c     libucrt:strpbrk.obj
 0004:00000f18       $pdata$_mbsdec_l           0000000180023f18     libucrt:mbsdec.obj
 0004:00000f24       $pdata$?initialize_multibyte@@YAHXZ 0000000180023f24     libucrt:multibyte_initializer.obj
 0004:00000f30       $pdata$_msize_base         0000000180023f30     libucrt:msize.obj
 0004:00000f3c       $pdata$_realloc_base       0000000180023f3c     libucrt:realloc_base.obj
 0004:00000f48       $pdata$?GetTableIndexFromLocaleName@@YAHPEB_W@Z 0000000180023f48     libucrt:lcidtoname_downlevel.obj
 0004:00000f54       $pdata$__acrt_DownlevelLocaleNameToLCID 0000000180023f54     libucrt:lcidtoname_downlevel.obj
 0004:00000f60       $pdata$__acrt_lowio_create_handle_array 0000000180023f60     libucrt:osfinfo.obj
 0004:00000f6c       $pdata$__acrt_lowio_destroy_handle_array 0000000180023f6c     libucrt:osfinfo.obj
 0004:00000f78       $pdata$__acrt_lowio_ensure_fh_exists 0000000180023f78     libucrt:osfinfo.obj
 0004:00000f84       $pdata$_free_osfhnd        0000000180023f84     libucrt:osfinfo.obj
 0004:00000f90       $pdata$_get_osfhandle      0000000180023f90     libucrt:osfinfo.obj
 0004:00000f9c       $pdata$_isatty             0000000180023f9c     libucrt:isatty.obj
 0004:00000fa8       $pdata$?__mbrtowc_utf8@__crt_mbstring@@YA_KPEA_WPEBD_KPEAU_Mbstatet@@@Z 0000000180023fa8     libucrt:mbrtowc.obj
 0004:00000fb4       $pdata$?__mbsrtowcs_utf8@__crt_mbstring@@YA_KPEA_WPEAPEBD_KPEAU_Mbstatet@@@Z 0000000180023fb4     libucrt:mbrtowc.obj
 0004:00000fc0       $pdata$?__c32rtomb_utf8@__crt_mbstring@@YA_KPEAD_UPEAU_Mbstatet@@@Z 0000000180023fc0     libucrt:c32rtomb.obj
 0004:00000fcc       $pdata$__acrt_fp_strflt_to_string 0000000180023fcc     libucrt:_fptostr.obj
 0004:00000fd8       $pdata$?divide@__crt_strtox@@YA_KAEAUbig_integer@1@AEBU21@@Z 0000000180023fd8     libucrt:cfout.obj
 0004:00000fe4       $pdata$0$?divide@__crt_strtox@@YA_KAEAUbig_integer@1@AEBU21@@Z 0000000180023fe4     libucrt:cfout.obj
 0004:00000ff0       $pdata$1$?divide@__crt_strtox@@YA_KAEAUbig_integer@1@AEBU21@@Z 0000000180023ff0     libucrt:cfout.obj
 0004:00000ffc       $pdata$__acrt_fltout       0000000180023ffc     libucrt:cfout.obj
 0004:00001008       $pdata$memcpy_s            0000000180024008     libucrt:cfout.obj
 0004:00001014       $pdata$??$write_buffer_nolock@D@@YA_NDV__crt_stdio_stream@@@Z 0000000180024014     libucrt:_flsbuf.obj
 0004:00001020       $pdata$??$write_buffer_nolock@_W@@YA_N_WV__crt_stdio_stream@@@Z 0000000180024020     libucrt:_flsbuf.obj
 0004:0000102c       $pdata$?stream_is_at_end_of_file_nolock@@YA_NV__crt_stdio_stream@@@Z 000000018002402c     libucrt:_flsbuf.obj
 0004:00001038       $pdata$__acrt_stdio_flush_and_write_narrow_nolock 0000000180024038     libucrt:_flsbuf.obj
 0004:00001044       $pdata$__acrt_stdio_flush_and_write_wide_nolock 0000000180024044     libucrt:_flsbuf.obj
 0004:00001050       $pdata$_fclose_nolock      0000000180024050     libucrt:fclose.obj
 0004:0000105c       $pdata$fclose              000000018002405c     libucrt:fclose.obj
 0004:00001068       $pdata$??$common_lseek@_J@@YA_JH_JH@Z 0000000180024068     libucrt:lseek.obj
 0004:00001074       $pdata$??$common_lseek_nolock@_J@@YA_JH_JH@Z 0000000180024074     libucrt:lseek.obj
 0004:00001080       $pdata$_putwch_nolock      0000000180024080     libucrt:putwch.obj
 0004:0000108c       $pdata$?__mbrtoc32_utf8@__crt_mbstring@@YA_KPEA_UPEBD_KPEAU_Mbstatet@@@Z 000000018002408c     libucrt:mbrtoc32.obj
 0004:00001098       $pdata$fegetenv            0000000180024098     libucrt:fegetenv.obj
 0004:000010a4       $pdata$fesetenv            00000001800240a4     libucrt:fesetenv.obj
 0004:000010b0       $pdata$feholdexcept        00000001800240b0     libucrt:feholdexcept.obj
 0004:000010c8       $pdata$__acrt_stdio_allocate_buffer_nolock 00000001800240c8     libucrt:_getbuf.obj
 0004:000010d4       $pdata$??$?RV<lambda_751a882b2c74d4b022dec766aa51a29a>@@AEAV<lambda_628dfdc04ba53c8bfc02c9951375f3f5>@@V<lambda_f6c7be5f7998530c34de24c7437d6b54>@@@?$__crt_seh_guarded_call@H@@QEAAH$$QEAV<lambda_751a882b2c74d4b022dec766aa51a29a>@@AEAV<lambda_628dfdc04ba53c8bfc02c9951375f3f5>@@$$QEAV<lambda_f6c7be5f7998530c34de24c7437d6b54>@@@Z 00000001800240d4     libucrt:close.obj
 0004:000010e0       $pdata$_close              00000001800240e0     libucrt:close.obj
 0004:000010ec       $pdata$_close_nolock       00000001800240ec     libucrt:close.obj
 0004:000010f8       $pdata$__dcrt_lowio_ensure_console_output_initialized 00000001800240f8     libucrt:initcon.obj
 0004:00001104       $pdata$__dcrt_terminate_console_output 0000000180024104     libucrt:initcon.obj
 0004:00001110       $pdata$__dcrt_write_console 0000000180024110     libucrt:initcon.obj
 0004:0000111c       $pdata$__acrt_fenv_set_control 000000018002411c     libucrt:_fenvutils.obj
 0004:00001128       $pdata$_clearfp            0000000180024128     libucrt:ieee.obj
 0004:00001134       $pdata$_call_matherr       0000000180024134     libucrt:libm_error.obj
 0004:00001140       $pdata$_exception_enabled  0000000180024140     libucrt:libm_error.obj
 0004:0000114c       $pdata$_handle_error       000000018002414c     libucrt:libm_error.obj
 0004:00001158       $pdata$__acrt_initialize_fma3 0000000180024158     libucrt:fma3_available.obj
 0004:00001164       $pdata$_log10_special      0000000180024164     libucrt:log_special.obj
 0004:00001170       $pdata$_log_special_common 0000000180024170     libucrt:log_special.obj
 0004:00001188       $pdata$_raise_exc          0000000180024188     libucrt:fpexcept.obj
 0004:00001194       $pdata$_raise_exc_ex       0000000180024194     libucrt:fpexcept.obj
 0004:000011a0       $pdata$_set_errno_from_matherr 00000001800241a0     libucrt:fpexcept.obj
 0004:000011ac       $pdata$_clrfp              00000001800241ac     libucrt:fpctrl.obj
 0004:000011b8       $pdata$_ctrlfp             00000001800241b8     libucrt:fpctrl.obj
 0004:000011c4       $pdata$_set_statfp         00000001800241c4     libucrt:fpctrl.obj
 0004:000011d0       $pdata$_statfp             00000001800241d0     libucrt:fpctrl.obj
 0004:000011dc       $pdata$?DloadAcquireSectionWriteAccess@@YAXXZ 00000001800241dc     DelayImp:delayhlp.obj
 0004:000011e8       $pdata$?DloadGetSRWLockFunctionPointers@@YAEXZ 00000001800241e8     DelayImp:delayhlp.obj
 0004:000011f4       $pdata$?DloadMakePermanentImageCommit@@YAXPEAX_K@Z 00000001800241f4     DelayImp:delayhlp.obj
 0004:00001200       $pdata$?DloadObtainSection@@YAPEAXPEAK0@Z 0000000180024200     DelayImp:delayhlp.obj
 0004:0000120c       $pdata$?DloadProtectSection@@YAXKPEAK@Z 000000018002420c     DelayImp:delayhlp.obj
 0004:00001218       $pdata$?DloadReleaseSectionWriteAccess@@YAXXZ 0000000180024218     DelayImp:delayhlp.obj
 0004:00001224       $pdata$__delayLoadHelper2  0000000180024224     DelayImp:delayhlp.obj
 0004:00001230       $pdata$_IsNonwritableInCurrentImage 0000000180024230     LIBCMT:pesect.obj
 0004:0000123c       $pdata$__GSHandlerCheck    000000018002423c     LIBCMT:gshandler.obj
 0004:00001248       $pdata$__GSHandlerCheckCommon 0000000180024248     LIBCMT:gshandler.obj
 0004:0000126c       $pdata$strrchr             000000018002426c     libvcruntime:strrchr.obj
 0004:00001284       $pdata$__scrt_is_nonwritable_in_current_image$filt$0 0000000180024284     LIBCMT:utility.obj
 0004:00001290       $pdata$?fin$0@?0??dllmain_crt_process_attach@@YAHQEAUHINSTANCE__@@QEAX@Z@4HA 0000000180024290     LIBCMT:dll_dllmain.obj
 0004:0000129c       $pdata$?fin$0@?0??dllmain_crt_process_detach@@YAH_N@Z@4HA 000000018002429c     LIBCMT:dll_dllmain.obj
 0004:000012a8       $pdata$?filt$0@?0??dllmain_dispatch@@YAHQEAUHINSTANCE__@@KQEAX@Z@4HA 00000001800242a8     LIBCMT:dll_dllmain.obj
 0004:000012b4       $pdata$__DestructExceptionObject$filt$0 00000001800242b4     libvcruntime:ehhelpers.obj
 0004:000012c0       $pdata$_query_new_handler$fin$0 00000001800242c0     libucrt:new_handler.obj
 0004:000012cc       $pdata$?fin$0@?0???$?RV<lambda_f2e299630e499de9f9a165e60fcd3db5>@@AEAV<lambda_2ae9d31cdba2644fcbeaf08da7c24588>@@V<lambda_40d01ff24d0e7b3814fdbdcee8eab3c7>@@@?$__crt_seh_guarded_call@X@@QEAAX$$QEAV<lambda_f2e299630e499de9f9a165e60fcd3db5>@@AEAV<lambda_2ae9d31cdba2644fcbeaf08da7c24588>@@$$QEAV<lambda_40d01ff24d0e7b3814fdbdcee8eab3c7>@@@Z@4HA 00000001800242cc     libucrt:per_thread_data.obj
 0004:000012cc       $pdata$?fin$0@?0???$?RV<lambda_2d41944a1d46af3157314b8a01080d33>@@AEAV<lambda_8f455de75cd7d7f24b4096f044d8b9e6>@@V<lambda_aa500f224e6afead328df44964fe2772>@@@?$__crt_seh_guarded_call@X@@QEAAX$$QEAV<lambda_2d41944a1d46af3157314b8a01080d33>@@AEAV<lambda_8f455de75cd7d7f24b4096f044d8b9e6>@@$$QEAV<lambda_aa500f224e6afead328df44964fe2772>@@@Z@4HA 00000001800242cc     libucrt:per_thread_data.obj
 0004:000012cc       $pdata$?fin$0@?0???$?RV<lambda_0ae27a3a962d80f24befdcbee591983d>@@AEAV<lambda_8d0ee55de4b1038c4002e0adecdf1839>@@V<lambda_dc504788e8f1664fe9b84e20bfb512f2>@@@?$__crt_seh_guarded_call@X@@QEAAX$$QEAV<lambda_0ae27a3a962d80f24befdcbee591983d>@@AEAV<lambda_8d0ee55de4b1038c4002e0adecdf1839>@@$$QEAV<lambda_dc504788e8f1664fe9b84e20bfb512f2>@@@Z@4HA 00000001800242cc     libucrt:per_thread_data.obj
 0004:000012cc       $pdata$?fin$0@?0???$?RV<lambda_638799b9deba96c50f710eeac98168cd>@@AEAV<lambda_22ebabd17bc4fa466a2aca6d8deb888d>@@V<lambda_a6f7d7db0129f75315ebf26d50c089f1>@@@?$__crt_seh_guarded_call@H@@QEAAH$$QEAV<lambda_638799b9deba96c50f710eeac98168cd>@@AEAV<lambda_22ebabd17bc4fa466a2aca6d8deb888d>@@$$QEAV<lambda_a6f7d7db0129f75315ebf26d50c089f1>@@@Z@4HA 00000001800242cc     libucrt:onexit.obj
 0004:000012cc       $pdata$?fin$0@?0???$?RV<lambda_7777bce6b2f8c936911f934f8298dc43>@@AEAV<lambda_f03950bc5685219e0bcd2087efbe011e>@@V<lambda_3883c3dff614d5e0c5f61bb1ac94921c>@@@?$__crt_seh_guarded_call@H@@QEAAH$$QEAV<lambda_7777bce6b2f8c936911f934f8298dc43>@@AEAV<lambda_f03950bc5685219e0bcd2087efbe011e>@@$$QEAV<lambda_3883c3dff614d5e0c5f61bb1ac94921c>@@@Z@4HA 00000001800242cc     libucrt:onexit.obj
 0004:000012cc       $pdata$?fin$0@?0???$?RV<lambda_d80eeec6fff315bfe5c115232f3240e3>@@AEAV<lambda_6e4b09c48022b2350581041d5f6b0c4c>@@V<lambda_2358e3775559c9db80273638284d5e45>@@@?$__crt_seh_guarded_call@X@@QEAAX$$QEAV<lambda_d80eeec6fff315bfe5c115232f3240e3>@@AEAV<lambda_6e4b09c48022b2350581041d5f6b0c4c>@@$$QEAV<lambda_2358e3775559c9db80273638284d5e45>@@@Z@4HA 00000001800242cc     libucrt:exit.obj
 0004:000012cc       $pdata$?fin$0@?0???$?RV<lambda_efdfa57d1f175319df784efa44bb7b81>@@AEAV<lambda_5f0a4c1567f8adc6734073e5d1e1b35c>@@V<lambda_2e8a7d3640ea6ccb4c2413664c2db6fd>@@@?$__crt_seh_guarded_call@X@@QEAAX$$QEAV<lambda_efdfa57d1f175319df784efa44bb7b81>@@AEAV<lambda_5f0a4c1567f8adc6734073e5d1e1b35c>@@$$QEAV<lambda_2e8a7d3640ea6ccb4c2413664c2db6fd>@@@Z@4HA 00000001800242cc     libucrt:mbctype.obj
 0004:000012cc       $pdata$?fin$0@?0???$?RV<lambda_450d765d439847d4c735a33c368b5fc0>@@AEAV<lambda_44731a7d0e6d81c3e6aa82d741081786>@@V<lambda_601a2a7da3b7a96e9554ac7215c4b07c>@@@?$__crt_seh_guarded_call@P6AXH@Z@@QEAAP6AXH@Z$$QEAV<lambda_450d765d439847d4c735a33c368b5fc0>@@AEAV<lambda_44731a7d0e6d81c3e6aa82d741081786>@@$$QEAV<lambda_601a2a7da3b7a96e9554ac7215c4b07c>@@@Z@4HA 00000001800242cc     libucrt:signal.obj
 0004:000012cc       $pdata$?fin$0@?0???$?RV<lambda_aa87e3671a710a21b5dc78c0bdf72e11>@@AEAV<lambda_92619d2358a28f41a33ba319515a20b9>@@V<lambda_6992ecaafeb10aed2b74cb1fae11a551>@@@?$__crt_seh_guarded_call@X@@QEAAX$$QEAV<lambda_aa87e3671a710a21b5dc78c0bdf72e11>@@AEAV<lambda_92619d2358a28f41a33ba319515a20b9>@@$$QEAV<lambda_6992ecaafeb10aed2b74cb1fae11a551>@@@Z@4HA 00000001800242cc     libucrt:per_thread_data.obj
 0004:000012d8       $pdata$?filt$0@?0???R<lambda_6e4b09c48022b2350581041d5f6b0c4c>@@QEBA@XZ@4HA 00000001800242d8     libucrt:exit.obj
 0004:000012e4       $pdata$?fin$0@?0???$?RV<lambda_842d9ff0dc9ef11c61343bbaebe7f885>@@AEAV<lambda_c5860995281e5c4ce005b3de8f5874ee>@@V<lambda_d90129c13df834fdcbf8d2b88dafcf2d>@@@?$__crt_seh_guarded_call@X@@QEAAX$$QEAV<lambda_842d9ff0dc9ef11c61343bbaebe7f885>@@AEAV<lambda_c5860995281e5c4ce005b3de8f5874ee>@@$$QEAV<lambda_d90129c13df834fdcbf8d2b88dafcf2d>@@@Z@4HA 00000001800242e4     libucrt:fflush.obj
 0004:000012e4       $pdata$?fin$0@?0???$?RV<lambda_c376a267cfb53b6959b3b692ec76b120>@@AEAV<lambda_9a32fed5bf61b6b509b2d3f6003082a1>@@V<lambda_572fbb9fa0ab338edf41edfd4b5fcc8d>@@@?$__crt_seh_guarded_call@H@@QEAAH$$QEAV<lambda_c376a267cfb53b6959b3b692ec76b120>@@AEAV<lambda_9a32fed5bf61b6b509b2d3f6003082a1>@@$$QEAV<lambda_572fbb9fa0ab338edf41edfd4b5fcc8d>@@@Z@4HA 00000001800242e4     libucrt:fflush.obj
 0004:000012e4       $pdata$?fin$0@?0???$?RV<lambda_84ec643ea9557e2f7dc01bb0e9624395>@@AEAV<lambda_ca71763b3c0644891230e4f79ea54fa6>@@V<lambda_439a761618c59b0600e24586724d733b>@@@?$__crt_seh_guarded_call@H@@QEAAH$$QEAV<lambda_84ec643ea9557e2f7dc01bb0e9624395>@@AEAV<lambda_ca71763b3c0644891230e4f79ea54fa6>@@$$QEAV<lambda_439a761618c59b0600e24586724d733b>@@@Z@4HA 00000001800242e4     libucrt:setvbuf.obj
 0004:000012e4       $pdata$?fin$0@?0???$?RV<lambda_0d412022a4b28cc8a401ea49574e8ae6>@@AEAV<lambda_a775ed57af18ba8e4d5dc780aa9068fe>@@V<lambda_975a71a6baa488a08f4e15f6b0339b9e>@@@?$__crt_seh_guarded_call@H@@QEAAH$$QEAV<lambda_0d412022a4b28cc8a401ea49574e8ae6>@@AEAV<lambda_a775ed57af18ba8e4d5dc780aa9068fe>@@$$QEAV<lambda_975a71a6baa488a08f4e15f6b0339b9e>@@@Z@4HA 00000001800242e4     libucrt:output.obj
 0004:000012f0       $pdata$?fin$0@?0???$?RV<lambda_886d6c58226a84441f68b9f2b8217b83>@@AEAV<lambda_ab61a845afdef5b7c387490eaf3616ee>@@V<lambda_f7f22ab5edc0698d5f6905b0d3f44752>@@@?$__crt_seh_guarded_call@X@@QEAAX$$QEAV<lambda_886d6c58226a84441f68b9f2b8217b83>@@AEAV<lambda_ab61a845afdef5b7c387490eaf3616ee>@@$$QEAV<lambda_f7f22ab5edc0698d5f6905b0d3f44752>@@@Z@4HA 00000001800242f0     libucrt:fflush.obj
 0004:000012fc       $pdata$raise$fin$0         00000001800242fc     libucrt:signal.obj
 0004:00001308       $pdata$?fin$0@?0???$?RV<lambda_410d79af7f07d98d83a3f525b3859a53>@@AEAV<lambda_3e16ef9562a7dcce91392c22ab16ea36>@@V<lambda_38119f0e861e05405d8a144b9b982f0a>@@@?$__crt_seh_guarded_call@X@@QEAAX$$QEAV<lambda_410d79af7f07d98d83a3f525b3859a53>@@AEAV<lambda_3e16ef9562a7dcce91392c22ab16ea36>@@$$QEAV<lambda_38119f0e861e05405d8a144b9b982f0a>@@@Z@4HA 0000000180024308     libucrt:wsetlocale.obj
 0004:00001314       $pdata$?fin$0@?0??update_thread_multibyte_data_internal@@YAPEAU__crt_multibyte_data@@QEAU__acrt_ptd@@QEAPEAU1@@Z@4HA 0000000180024314     libucrt:mbctype.obj
 0004:00001320       $pdata$__acrt_initialize_lowio$fin$0 0000000180024320     libucrt:ioinit.obj
 0004:00001320       $pdata$__acrt_lowio_ensure_fh_exists$fin$0 0000000180024320     libucrt:osfinfo.obj
 0004:0000132c       $pdata$_fcloseall$fin$0    000000018002432c     libucrt:closeall.obj
 0004:00001338       $pdata$?fin$0@?0???$?RV<lambda_751a882b2c74d4b022dec766aa51a29a>@@AEAV<lambda_628dfdc04ba53c8bfc02c9951375f3f5>@@V<lambda_f6c7be5f7998530c34de24c7437d6b54>@@@?$__crt_seh_guarded_call@H@@QEAAH$$QEAV<lambda_751a882b2c74d4b022dec766aa51a29a>@@AEAV<lambda_628dfdc04ba53c8bfc02c9951375f3f5>@@$$QEAV<lambda_f6c7be5f7998530c34de24c7437d6b54>@@@Z@4HA 0000000180024338     libucrt:close.obj
 0004:00001338       $pdata$?fin$0@?0???$?RV<lambda_a37b2b86f63e897a80ea819b0eb08c01>@@AEAV<lambda_38ce7e780aa69e748d6df282ebc68efe>@@V<lambda_99fb1378e971ab6e7edea83e3a7a83a2>@@@?$__crt_seh_guarded_call@H@@QEAAH$$QEAV<lambda_a37b2b86f63e897a80ea819b0eb08c01>@@AEAV<lambda_38ce7e780aa69e748d6df282ebc68efe>@@$$QEAV<lambda_99fb1378e971ab6e7edea83e3a7a83a2>@@@Z@4HA 0000000180024338     libucrt:commit.obj
 0004:00001344       $pdata$_write$fin$0        0000000180024344     libucrt:write.obj
 0004:00001344       $pdata$?fin$0@?0???$common_lseek@_J@@YA_JH_JH@Z@4HA 0000000180024344     libucrt:lseek.obj
 0004:00001350       $pdata$__acrt_update_thread_locale_data$fin$0 0000000180024350     libucrt:locale_refcounting.obj
 0004:0000135c       $pdata$fclose$fin$0        000000018002435c     libucrt:fclose.obj
 0004:00001368       $pdata$_ctrlfp$filt$0      0000000180024368     libucrt:fpctrl.obj
 0004:00001374       $pdata$_IsNonwritableInCurrentImage$filt$0 0000000180024374     LIBCMT:pesect.obj
 0005:00000060       $R000000                   0000000180025060     * linker generated manifest res *

 Exports

  ordinal    name

        1    _register_addon_
